Component: ARM Compiler 5.06 update 5 (build 528) Tool: armlink [4d35e2]

==============================================================================

Section Cross References

    main.o(i.main) refers to system.o(i.systemInit) for systemInit
    main.o(i.main) refers to tasks.o(i.xTaskCreate) for xTaskCreate
    main.o(i.main) refers to tasks.o(i.vTaskStartScheduler) for vTaskStartScheduler
    main.o(i.main) refers to main.o(.data) for startTaskHandle
    main.o(i.main) refers to main.o(i.startTask) for startTask
    main.o(i.startTask) refers to port.o(i.vPortEnterCritical) for vPortEnterCritical
    main.o(i.startTask) refers to tasks.o(i.xTaskCreate) for xTaskCreate
    main.o(i.startTask) refers to heap_4.o(i.xPortGetFreeHeapSize) for xPortGetFreeHeapSize
    main.o(i.startTask) refers to printfa.o(i.__0printf) for __2printf
    main.o(i.startTask) refers to tasks.o(i.vTaskDelete) for vTaskDelete
    main.o(i.startTask) refers to port.o(i.vPortExitCritical) for vPortExitCritical
    main.o(i.startTask) refers to radiolink.o(i.radiolinkTask) for radiolinkTask
    main.o(i.startTask) refers to usblink.o(i.usblinkRxTask) for usblinkRxTask
    main.o(i.startTask) refers to usblink.o(i.usblinkTxTask) for usblinkTxTask
    main.o(i.startTask) refers to atkp.o(i.atkpTxTask) for atkpTxTask
    main.o(i.startTask) refers to atkp.o(i.atkpRxAnlTask) for atkpRxAnlTask
    main.o(i.startTask) refers to config_param.o(i.configParamTask) for configParamTask
    main.o(i.startTask) refers to pm.o(i.pmTask) for pmTask
    main.o(i.startTask) refers to sensors.o(i.sensorsTask) for sensorsTask
    main.o(i.startTask) refers to stabilizer.o(i.stabilizerTask) for stabilizerTask
    main.o(i.startTask) refers to wifi_ctrl.o(i.wifiLinkTask) for wifiLinkTask
    main.o(i.startTask) refers to module_mgt.o(i.expModuleMgtTask) for expModuleMgtTask
    main.o(i.startTask) refers to main.o(.data) for startTaskHandle
    main.o(i.vApplicationIdleHook) refers to nvic.o(i.getSysTickCnt) for getSysTickCnt
    main.o(i.vApplicationIdleHook) refers to stm32f4xx_iwdg.o(i.IWDG_ReloadCounter) for IWDG_ReloadCounter
    main.o(i.vApplicationIdleHook) refers to main.o(.data) for tickWatchdogReset
    system_stm32f4xx.o(i.SystemCoreClockUpdate) refers to system_stm32f4xx.o(.data) for SystemCoreClock
    system_stm32f4xx.o(i.SystemInit) refers to system_stm32f4xx.o(i.SetSysClock) for SetSysClock
    delay.o(i.delay_init) refers to misc.o(i.SysTick_CLKSourceConfig) for SysTick_CLKSourceConfig
    delay.o(i.delay_init) refers to delay.o(.data) for fac_us
    delay.o(i.delay_ms) refers to tasks.o(i.xTaskGetSchedulerState) for xTaskGetSchedulerState
    delay.o(i.delay_ms) refers to tasks.o(i.vTaskDelay) for vTaskDelay
    delay.o(i.delay_ms) refers to delay.o(i.delay_us) for delay_us
    delay.o(i.delay_ms) refers to delay.o(.data) for fac_ms
    delay.o(i.delay_us) refers to delay.o(.data) for fac_us
    delay.o(i.delay_xms) refers to delay.o(i.delay_us) for delay_us
    usart.o(i.fputc) refers to console.o(i.consolePutchar) for consolePutchar
    usart.o(i.uart_init) refers to stm32f4xx_rcc.o(i.RCC_AHB1PeriphClockCmd) for RCC_AHB1PeriphClockCmd
    usart.o(i.uart_init) refers to stm32f4xx_rcc.o(i.RCC_APB2PeriphClockCmd) for RCC_APB2PeriphClockCmd
    usart.o(i.uart_init) refers to stm32f4xx_gpio.o(i.GPIO_PinAFConfig) for GPIO_PinAFConfig
    usart.o(i.uart_init) refers to stm32f4xx_gpio.o(i.GPIO_Init) for GPIO_Init
    usart.o(i.uart_init) refers to stm32f4xx_usart.o(i.USART_Init) for USART_Init
    usart.o(i.uart_init) refers to stm32f4xx_usart.o(i.USART_Cmd) for USART_Cmd
    usart.o(i.uart_init) refers to stm32f4xx_usart.o(i.USART_ITConfig) for USART_ITConfig
    usart.o(i.uart_init) refers to misc.o(i.NVIC_Init) for NVIC_Init
    config_param.o(i.configParamGiveSemaphore) refers to queue.o(i.xQueueGenericSend) for xQueueGenericSend
    config_param.o(i.configParamGiveSemaphore) refers to config_param.o(.data) for xSemaphore
    config_param.o(i.configParamInit) refers to stmflash.o(i.STMFLASH_Read) for STMFLASH_Read
    config_param.o(i.configParamInit) refers to config_param.o(i.configParamCksum) for configParamCksum
    config_param.o(i.configParamInit) refers to f2d.o(.text) for __aeabi_f2d
    config_param.o(i.configParamInit) refers to printfa.o(i.__0printf) for __2printf
    config_param.o(i.configParamInit) refers to memcpya.o(.text) for __aeabi_memcpy4
    config_param.o(i.configParamInit) refers to stmflash.o(i.STMFLASH_Write) for STMFLASH_Write
    config_param.o(i.configParamInit) refers to queue.o(i.xQueueGenericCreate) for xQueueGenericCreate
    config_param.o(i.configParamInit) refers to config_param.o(.data) for isInit
    config_param.o(i.configParamInit) refers to config_param.o(.bss) for configParam
    config_param.o(i.configParamTask) refers to queue.o(i.xQueueGenericReceive) for xQueueGenericReceive
    config_param.o(i.configParamTask) refers to config_param.o(i.configParamCksum) for configParamCksum
[...]
    0x080081be   0x080081be   0x00000002   PAD
    0x080081c0   0x080081c0   0x000000b6   Code   RO         6614    .emb_text           port.o
    0x08008276   0x08008276   0x00000002   PAD
    0x08008278   0x08008278   0x00000024   Code   RO         3329    .text               startup_stm32f411xe.o
    0x0800829c   0x0800829c   0x00000062   Code   RO         9323    .text               mc_w.l(ldiv.o)
    0x080082fe   0x080082fe   0x00000024   Code   RO         9325    .text               mc_w.l(memcpya.o)
    0x08008322   0x08008322   0x00000024   Code   RO         9327    .text               mc_w.l(memseta.o)
    0x08008346   0x08008346   0x0000014e   Code   RO         9596    .text               mf_w.l(dadd.o)
    0x08008494   0x08008494   0x000000e4   Code   RO         9598    .text               mf_w.l(dmul.o)
    0x08008578   0x08008578   0x000000de   Code   RO         9600    .text               mf_w.l(ddiv.o)
    0x08008656   0x08008656   0x0000002c   Code   RO         9602    .text               mf_w.l(ffltl.o)
    0x08008682   0x08008682   0x00000022   Code   RO         9604    .text               mf_w.l(dflti.o)
    0x080086a4   0x080086a4   0x0000001a   Code   RO         9606    .text               mf_w.l(dfltui.o)
    0x080086be   0x080086be   0x00000032   Code   RO         9608    .text               mf_w.l(dfixui.o)
    0x080086f0   0x080086f0   0x00000026   Code   RO         9610    .text               mf_w.l(f2d.o)
    0x08008716   0x08008716   0x00000002   PAD
    0x08008718   0x08008718   0x00000030   Code   RO         9612    .text               mf_w.l(cdcmple.o)
    0x08008748   0x08008748   0x00000030   Code   RO         9614    .text               mf_w.l(cdrcmple.o)
    0x08008778   0x08008778   0x00000038   Code   RO         9616    .text               mf_w.l(d2f.o)
    0x080087b0   0x080087b0   0x0000002c   Code   RO         9682    .text               mc_w.l(uidiv.o)
    0x080087dc   0x080087dc   0x00000062   Code   RO         9684    .text               mc_w.l(uldiv.o)
    0x0800883e   0x0800883e   0x0000001e   Code   RO         9686    .text               mc_w.l(llshl.o)
    0x0800885c   0x0800885c   0x00000020   Code   RO         9688    .text               mc_w.l(llushr.o)
    0x0800887c   0x0800887c   0x00000024   Code   RO         9690    .text               mc_w.l(llsshr.o)
    0x080088a0   0x080088a0   0x00000000   Code   RO         9699    .text               mc_w.l(iusefp.o)
    0x080088a0   0x080088a0   0x0000006e   Code   RO         9700    .text               mf_w.l(fepilogue.o)
    0x0800890e   0x0800890e   0x000000ba   Code   RO         9702    .text               mf_w.l(depilogue.o)
    0x080089c8   0x080089c8   0x0000002e   Code   RO         9706    .text               mf_w.l(dscalb.o)
    0x080089f6   0x080089f6   0x00000030   Code   RO         9708    .text               mf_w.l(dfixul.o)
    0x08008a26   0x08008a26   0x00000004   Code   RO         9710    .text               mf_w.l(fpstat.o)
    0x08008a2a   0x08008a2a   0x00000002   PAD
    0x08008a2c   0x08008a2c   0x00000024   Code   RO         9712    .text               mc_w.l(init.o)
    0x08008a50   0x08008a50   0x000000a2   Code   RO         9714    .text               mf_w.l(dsqrt.o)
    0x08008af2   0x08008af2   0x00000056   Code   RO         9724    .text               mc_w.l(__dczerorl2.o)
    0x08008b48   0x08008b48   0x00000016   Code   RO         3385    i.ADC_Cmd           stm32f4xx_adc.o
    0x08008b5e   0x08008b5e   0x00000002   PAD
    0x08008b60   0x08008b60   0x00000030   Code   RO         3386    i.ADC_CommonInit    stm32f4xx_adc.o
    0x08008b90   0x08008b90   0x00000016   Code   RO         3389    i.ADC_DMACmd        stm32f4xx_adc.o
    0x08008ba6   0x08008ba6   0x00000016   Code   RO         3390    i.ADC_DMARequestAfterLastTransferCmd  stm32f4xx_adc.o
    0x08008bbc   0x08008bbc   0x00000054   Code   RO         3405    i.ADC_Init          stm32f4xx_adc.o
    0x08008c10   0x08008c10   0x000000b8   Code   RO         3410    i.ADC_RegularChannelConfig  stm32f4xx_adc.o
    0x08008cc8   0x08008cc8   0x0000000a   Code   RO         3412    i.ADC_SoftwareStartConv  stm32f4xx_adc.o
    0x08008cd2   0x08008cd2   0x00000002   PAD
    0x08008cd4   0x08008cd4   0x00000058   Code   RO         2789    i.BusFault_Handler  nvic.o
    0x08008d2c   0x08008d2c   0x0000004a   Code   RO         6995    i.DCD_EP_Close      usb_dcd.o
    0x08008d76   0x08008d76   0x00000048   Code   RO         6996    i.DCD_EP_ClrStall   usb_dcd.o
    0x08008dbe   0x08008dbe   0x00000068   Code   RO         6998    i.DCD_EP_Open       usb_dcd.o
    0x08008e26   0x08008e26   0x00000052   Code   RO         6999    i.DCD_EP_PrepareRx  usb_dcd.o
    0x08008e78   0x08008e78   0x0000001c   Code   RO         7000    i.DCD_EP_SetAddress  usb_dcd.o
    0x08008e94   0x08008e94   0x00000048   Code   RO         7001    i.DCD_EP_Stall      usb_dcd.o
    0x08008edc   0x08008edc   0x0000004e   Code   RO         7002    i.DCD_EP_Tx         usb_dcd.o
    0x08008f2a   0x08008f2a   0x00000002   PAD
    0x08008f2c   0x08008f2c   0x00000198   Code   RO         7088    i.DCD_HandleEnumDone_ISR  usb_dcd_int.o
    0x080090c4   0x080090c4   0x00000128   Code   RO         7089    i.DCD_HandleInEP_ISR  usb_dcd_int.o
    0x080091ec   0x080091ec   0x00000100   Code   RO         7090    i.DCD_HandleOutEP_ISR  usb_dcd_int.o
    0x080092ec   0x080092ec   0x0000006c   Code   RO         7091    i.DCD_HandleResume_ISR  usb_dcd_int.o
    0x08009358   0x08009358   0x000000b0   Code   RO         7092    i.DCD_HandleRxStatusQueueLevel_ISR  usb_dcd_int.o
    0x08009408   0x08009408   0x0000002c   Code   RO         7093    i.DCD_HandleSof_ISR  usb_dcd_int.o
    0x08009434   0x08009434   0x000000a8   Code   RO         7094    i.DCD_HandleUSBSuspend_ISR  usb_dcd_int.o
    0x080094dc   0x080094dc   0x00000104   Code   RO         7095    i.DCD_HandleUsbReset_ISR  usb_dcd_int.o
    0x080095e0   0x080095e0   0x0000009c   Code   RO         7004    i.DCD_Init          usb_dcd.o
    0x0800967c   0x0800967c   0x0000002c   Code   RO         7096    i.DCD_IsoINIncomplete_ISR  usb_dcd_int.o
    0x080096a8   0x080096a8   0x0000002c   Code   RO         7097    i.DCD_IsoOUTIncomplete_ISR  usb_dcd_int.o
    0x080096d4   0x080096d4   0x00000028   Code   RO         7098    i.DCD_ReadDevInEP   usb_dcd_int.o
    0x080096fc   0x080096fc   0x000000ac   Code   RO         7099    i.DCD_WriteEmptyTxFifo  usb_dcd_int.o
    0x080097a8   0x080097a8   0x00000010   Code   RO         1090    i.DMA1_Stream0_IRQHandler  i2c_drv.o
    0x080097b8   0x080097b8   0x00000008   Code   RO         2790    i.DMA1_Stream4_IRQHandler  nvic.o
    0x080097c0   0x080097c0   0x00000008   Code   RO         2871    i.DMA1_Stream6_IRQHandler  uart_syslink.o
    0x080097c8   0x080097c8   0x00000034   Code   RO         3666    i.DMA_ClearITPendingBit  stm32f4xx_dma.o
    0x080097fc   0x080097fc   0x00000016   Code   RO         3667    i.DMA_Cmd           stm32f4xx_dma.o
    0x08009812   0x08009812   0x00000002   PAD
    0x08009814   0x08009814   0x00000158   Code   RO         3668    i.DMA_DeInit        stm32f4xx_dma.o
    0x0800996c   0x0800996c   0x00000016   Code   RO         3669    i.DMA_DoubleBufferModeCmd  stm32f4xx_dma.o
    0x08009982   0x08009982   0x00000018   Code   RO         3670    i.DMA_DoubleBufferModeConfig  stm32f4xx_dma.o
    0x0800999a   0x0800999a   0x00000014   Code   RO         3672    i.DMA_GetCmdStatus  stm32f4xx_dma.o
    0x080099ae   0x080099ae   0x00000008   Code   RO         3673    i.DMA_GetCurrDataCounter  stm32f4xx_dma.o
    0x080099b6   0x080099b6   0x00000014   Code   RO         3674    i.DMA_GetCurrentMemoryTarget  stm32f4xx_dma.o
    0x080099ca   0x080099ca   0x00000002   PAD
    0x080099cc   0x080099cc   0x00000044   Code   RO         3676    i.DMA_GetFlagStatus  stm32f4xx_dma.o
    0x08009a10   0x08009a10   0x00000064   Code   RO         3677    i.DMA_GetITStatus   stm32f4xx_dma.o
    0x08009a74   0x08009a74   0x0000003a   Code   RO         3678    i.DMA_ITConfig      stm32f4xx_dma.o
    0x08009aae   0x08009aae   0x00000002   PAD
    0x08009ab0   0x08009ab0   0x00000058   Code   RO         3679    i.DMA_Init          stm32f4xx_dma.o
    0x08009b08   0x08009b08   0x00000004   Code   RO         3682    i.DMA_SetCurrDataCounter  stm32f4xx_dma.o
    0x08009b0c   0x08009b0c   0x00000002   Code   RO         2791    i.DebugMon_Handler  nvic.o
    0x08009b0e   0x08009b0e   0x00000008   Code   RO         2872    i.EXTI0_Callback    uart_syslink.o
    0x08009b16   0x08009b16   0x0000000e   Code   RO          761    i.EXTI0_IRQHandler  exti.o
    0x08009b24   0x08009b24   0x00000002   Code   RO          762    i.EXTI10_Callback   exti.o
    0x08009b26   0x08009b26   0x00000002   Code   RO          763    i.EXTI11_Callback   exti.o
    0x08009b28   0x08009b28   0x00000002   Code   RO          764    i.EXTI12_Callback   exti.o
    0x08009b2a   0x08009b2a   0x00000002   Code   RO          765    i.EXTI13_Callback   exti.o
    0x08009b2c   0x08009b2c   0x00000002   Code   RO          766    i.EXTI14_Callback   exti.o
    0x08009b2e   0x08009b2e   0x00000088   Code   RO          767    i.EXTI15_10_IRQHandler  exti.o
    0x08009bb6   0x08009bb6   0x00000002   Code   RO          768    i.EXTI15_Callback   exti.o
    0x08009bb8   0x08009bb8   0x00000002   Code   RO          769    i.EXTI1_Callback    exti.o
    0x08009bba   0x08009bba   0x0000000e   Code   RO          770    i.EXTI1_IRQHandler  exti.o
    0x08009bc8   0x08009bc8   0x00000002   Code   RO          771    i.EXTI2_Callback    exti.o
    0x08009bca   0x08009bca   0x0000000e   Code   RO          772    i.EXTI2_IRQHandler  exti.o
    0x08009bd8   0x08009bd8   0x00000002   Code   RO          773    i.EXTI3_Callback    exti.o
    0x08009bda   0x08009bda   0x0000000e   Code   RO          774    i.EXTI3_IRQHandler  exti.o
    0x08009be8   0x08009be8   0x00000030   Code   RO         8761    i.EXTI4_Callback    sensors.o
    0x08009c18   0x08009c18   0x0000000e   Code   RO          776    i.EXTI4_IRQHandler  exti.o
    0x08009c26   0x08009c26   0x00000002   Code   RO          777    i.EXTI5_Callback    exti.o
    0x08009c28   0x08009c28   0x00000002   Code   RO          778    i.EXTI6_Callback    exti.o
    0x08009c2a   0x08009c2a   0x00000002   Code   RO          779    i.EXTI7_Callback    exti.o
    0x08009c2c   0x08009c2c   0x00000002   Code   RO          780    i.EXTI8_Callback    exti.o
    0x08009c2e   0x08009c2e   0x0000006c   Code   RO          781    i.EXTI9_5_IRQHandler  exti.o
    0x08009c9a   0x08009c9a   0x00000002   Code   RO          782    i.EXTI9_Callback    exti.o
    0x08009c9c   0x08009c9c   0x0000000c   Code   RO         3793    i.EXTI_ClearFlag    stm32f4xx_exti.o
    0x08009ca8   0x08009ca8   0x0000000c   Code   RO         3794    i.EXTI_ClearITPendingBit  stm32f4xx_exti.o
    0x08009cb4   0x08009cb4   0x00000018   Code   RO         3798    i.EXTI_GetITStatus  stm32f4xx_exti.o
    0x08009ccc   0x08009ccc   0x00000094   Code   RO         3799    i.EXTI_Init         stm32f4xx_exti.o
    0x08009d60   0x08009d60   0x00000024   Code   RO         3856    i.FLASH_DataCacheCmd  stm32f4xx_flash.o
    0x08009d84   0x08009d84   0x00000088   Code   RO         3861    i.FLASH_EraseSector  stm32f4xx_flash.o
    0x08009e0c   0x08009e0c   0x00000054   Code   RO         3863    i.FLASH_GetStatus   stm32f4xx_flash.o
    0x08009e60   0x08009e60   0x00000014   Code   RO         3867    i.FLASH_Lock        stm32f4xx_flash.o
    0x08009e74   0x08009e74   0x00000050   Code   RO         3891    i.FLASH_ProgramWord  stm32f4xx_flash.o
    0x08009ec4   0x08009ec4   0x00000024   Code   RO         3893    i.FLASH_Unlock      stm32f4xx_flash.o
    0x08009ee8   0x08009ee8   0x00000022   Code   RO         3894    i.FLASH_WaitForLastOperation  stm32f4xx_flash.o
    0x08009f0a   0x08009f0a   0x00000090   Code   RO         4110    i.GPIO_Init         stm32f4xx_gpio.o
    0x08009f9a   0x08009f9a   0x00000046   Code   RO         4111    i.GPIO_PinAFConfig  stm32f4xx_gpio.o
    0x08009fe0   0x08009fe0   0x00000012   Code   RO         4114    i.GPIO_ReadInputDataBit  stm32f4xx_gpio.o
    0x08009ff2   0x08009ff2   0x00000004   Code   RO         4117    i.GPIO_ResetBits    stm32f4xx_gpio.o
    0x08009ff6   0x08009ff6   0x00000004   Code   RO         4118    i.GPIO_SetBits      stm32f4xx_gpio.o
    0x08009ffa   0x08009ffa   0x00000012   Code   RO         4119    i.GPIO_StructInit   stm32f4xx_gpio.o
    0x0800a00c   0x0800a00c   0x00000034   Code   RO         7620    i.Get_SerialNum     usbd_desc.o
    0x0800a040   0x0800a040   0x000000dc   Code   RO         7435    i.Handle_USBAsynchXfer  usbd_cdc_core.o
    0x0800a11c   0x0800a11c   0x00000010   Code   RO         1091    i.I2C1_ER_IRQHandler  i2c_drv.o
    0x0800a12c   0x0800a12c   0x00000010   Code   RO         1092    i.I2C1_EV_IRQHandler  i2c_drv.o
    0x0800a13c   0x0800a13c   0x00000018   Code   RO         4208    i.I2C_AcknowledgeConfig  stm32f4xx_i2c.o
    0x0800a154   0x0800a154   0x0000000c   Code   RO         4212    i.I2C_ClearFlag     stm32f4xx_i2c.o
    0x0800a160   0x0800a160   0x00000018   Code   RO         4215    i.I2C_DMACmd        stm32f4xx_i2c.o
    0x0800a178   0x0800a178   0x00000018   Code   RO         4216    i.I2C_DMALastTransferCmd  stm32f4xx_i2c.o
    0x0800a190   0x0800a190   0x00000060   Code   RO         4217    i.I2C_DeInit        stm32f4xx_i2c.o
    0x0800a1f0   0x0800a1f0   0x0000003a   Code   RO         4224    i.I2C_GetFlagStatus  stm32f4xx_i2c.o
    0x0800a22a   0x0800a22a   0x00000012   Code   RO         4228    i.I2C_ITConfig      stm32f4xx_i2c.o
    0x0800a23c   0x0800a23c   0x000000e8   Code   RO         4229    i.I2C_Init          stm32f4xx_i2c.o
    0x0800a324   0x0800a324   0x00000008   Code   RO         4234    i.I2C_ReceiveData   stm32f4xx_i2c.o
    0x0800a32c   0x0800a32c   0x00000010   Code   RO         4236    i.I2C_Send7bitAddress  stm32f4xx_i2c.o
    0x0800a33c   0x0800a33c   0x00000004   Code   RO         4237    i.I2C_SendData      stm32f4xx_i2c.o
    0x0800a340   0x0800a340   0x00000010   Code   RO         4431    i.IWDG_Enable       stm32f4xx_iwdg.o
    0x0800a350   0x0800a350   0x00000010   Code   RO         4433    i.IWDG_ReloadCounter  stm32f4xx_iwdg.o
    0x0800a360   0x0800a360   0x0000000c   Code   RO         4434    i.IWDG_SetPrescaler  stm32f4xx_iwdg.o
    0x0800a36c   0x0800a36c   0x0000000c   Code   RO         4435    i.IWDG_SetReload    stm32f4xx_iwdg.o
    0x0800a378   0x0800a378   0x0000000c   Code   RO         4436    i.IWDG_WriteAccessCmd  stm32f4xx_iwdg.o
    0x0800a384   0x0800a384   0x0000003e   Code   RO         7621    i.IntToUnicode      usbd_desc.o
    0x0800a3c2   0x0800a3c2   0x00000002   PAD
    0x0800a3c4   0x0800a3c4   0x00000058   Code   RO         2792    i.MemManage_Handler  nvic.o
    0x0800a41c   0x0800a41c   0x00000002   Code   RO         2793    i.NMI_Handler       nvic.o
    0x0800a41e   0x0800a41e   0x00000002   PAD
    0x0800a420   0x0800a420   0x00000078   Code   RO         3335    i.NVIC_Init         misc.o
    0x0800a498   0x0800a498   0x00000014   Code   RO         3336    i.NVIC_PriorityGroupConfig  misc.o
    0x0800a4ac   0x0800a4ac   0x00000014   Code   RO         3337    i.NVIC_SetVectorTable  misc.o
    0x0800a4c0   0x0800a4c0   0x00000010   Code   RO         7694    i.OTG_FS_IRQHandler  usbd_usr.o
    0x0800a4d0   0x0800a4d0   0x00000020   Code   RO         4481    i.RCC_AHB1PeriphClockCmd  stm32f4xx_rcc.o
    0x0800a4f0   0x0800a4f0   0x00000020   Code   RO         4484    i.RCC_AHB2PeriphClockCmd  stm32f4xx_rcc.o
    0x0800a510   0x0800a510   0x00000020   Code   RO         4490    i.RCC_APB1PeriphClockCmd  stm32f4xx_rcc.o
    0x0800a530   0x0800a530   0x00000020   Code   RO         4492    i.RCC_APB1PeriphResetCmd  stm32f4xx_rcc.o
    0x0800a550   0x0800a550   0x00000020   Code   RO         4493    i.RCC_APB2PeriphClockCmd  stm32f4xx_rcc.o
    0x0800a570   0x0800a570   0x00000020   Code   RO         4495    i.RCC_APB2PeriphResetCmd  stm32f4xx_rcc.o
    0x0800a590   0x0800a590   0x00000014   Code   RO         4498    i.RCC_ClearFlag     stm32f4xx_rcc.o
    0x0800a5a4   0x0800a5a4   0x000000e8   Code   RO         4502    i.RCC_GetClocksFreq  stm32f4xx_rcc.o
    0x0800a68c   0x0800a68c   0x00000040   Code   RO         4503    i.RCC_GetFlagStatus  stm32f4xx_rcc.o
    0x0800a6cc   0x0800a6cc   0x000000a0   Code   RO         3075    i.STMFLASH_GetFlashSector  stmflash.o
    0x0800a76c   0x0800a76c   0x00000020   Code   RO         3076    i.STMFLASH_Read     stmflash.o
    0x0800a78c   0x0800a78c   0x00000006   Code   RO         3077    i.STMFLASH_ReadWord  stmflash.o
    0x0800a792   0x0800a792   0x00000002   PAD
    0x0800a794   0x0800a794   0x00000098   Code   RO         3078    i.STMFLASH_Write    stmflash.o
    0x0800a82c   0x0800a82c   0x00000040   Code   RO         5732    i.SYSCFG_EXTILineConfig  stm32f4xx_syscfg.o
    0x0800a86c   0x0800a86c   0x000000e8   Code   RO          255    i.SetSysClock       system_stm32f4xx.o
    0x0800a954   0x0800a954   0x00000028   Code   RO         3339    i.SysTick_CLKSourceConfig  misc.o
    0x0800a97c   0x0800a97c   0x00000020   Code   RO         2794    i.SysTick_Handler   nvic.o
    0x0800a99c   0x0800a99c   0x00000068   Code   RO          257    i.SystemInit        system_stm32f4xx.o
    0x0800aa04   0x0800aa04   0x00000018   Code   RO         4983    i.TIM_ARRPreloadConfig  stm32f4xx_tim.o
    0x0800aa1c   0x0800aa1c   0x00000018   Code   RO         4995    i.TIM_Cmd           stm32f4xx_tim.o
    0x0800aa34   0x0800aa34   0x00000012   Code   RO         4998    i.TIM_DMACmd        stm32f4xx_tim.o
    0x0800aa46   0x0800aa46   0x00000002   PAD
    0x0800aa48   0x0800aa48   0x00000190   Code   RO         5000    i.TIM_DeInit        stm32f4xx_tim.o
    0x0800abd8   0x0800abd8   0x0000007c   Code   RO         5024    i.TIM_OC1Init       stm32f4xx_tim.o
    0x0800ac54   0x0800ac54   0x00000012   Code   RO         5027    i.TIM_OC1PreloadConfig  stm32f4xx_tim.o
    0x0800ac66   0x0800ac66   0x00000002   PAD
    0x0800ac68   0x0800ac68   0x000000a4   Code   RO         5029    i.TIM_OC2Init       stm32f4xx_tim.o
    0x0800ad0c   0x0800ad0c   0x0000001a   Code   RO         5032    i.TIM_OC2PreloadConfig  stm32f4xx_tim.o
    0x0800ad26   0x0800ad26   0x00000002   PAD
    0x0800ad28   0x0800ad28   0x000000a0   Code   RO         5034    i.TIM_OC3Init       stm32f4xx_tim.o
    0x0800adc8   0x0800adc8   0x00000012   Code   RO         5037    i.TIM_OC3PreloadConfig  stm32f4xx_tim.o
    0x0800adda   0x0800adda   0x00000004   Code   RO         5057    i.TIM_SetCompare1   stm32f4xx_tim.o
    0x0800adde   0x0800adde   0x00000004   Code   RO         5058    i.TIM_SetCompare2   stm32f4xx_tim.o
    0x0800ade2   0x0800ade2   0x00000004   Code   RO         5059    i.TIM_SetCompare3   stm32f4xx_tim.o
    0x0800ade6   0x0800ade6   0x00000002   PAD
    0x0800ade8   0x0800ade8   0x00000084   Code   RO         5067    i.TIM_TimeBaseInit  stm32f4xx_tim.o
    0x0800ae6c   0x0800ae6c   0x00000034   Code   RO         2989    i.USART1_IRQHandler  uart1.o
    0x0800aea0   0x0800aea0   0x00000008   Code   RO         2873    i.USART2_IRQHandler  uart_syslink.o
    0x0800aea8   0x0800aea8   0x00000012   Code   RO         5541    i.USART_ClearFlag   stm32f4xx_usart.o
    0x0800aeba   0x0800aeba   0x00000018   Code   RO         5545    i.USART_Cmd         stm32f4xx_usart.o
    0x0800aed2   0x0800aed2   0x00000012   Code   RO         5546    i.USART_DMACmd      stm32f4xx_usart.o
    0x0800aee4   0x0800aee4   0x00000054   Code   RO         5549    i.USART_GetITStatus  stm32f4xx_usart.o
    0x0800af38   0x0800af38   0x0000004a   Code   RO         5551    i.USART_ITConfig    stm32f4xx_usart.o
    0x0800af82   0x0800af82   0x00000002   PAD
    0x0800af84   0x0800af84   0x000000d4   Code   RO         5552    i.USART_Init        stm32f4xx_usart.o
    0x0800b058   0x0800b058   0x0000000a   Code   RO         5559    i.USART_ReceiveData  stm32f4xx_usart.o
    0x0800b062   0x0800b062   0x00000008   Code   RO         5562    i.USART_SendData    stm32f4xx_usart.o
    0x0800b06a   0x0800b06a   0x00000016   Code   RO         7172    i.USBD_ClrCfg       usbd_core.o
    0x0800b080   0x0800b080   0x00000048   Code   RO         7337    i.USBD_ClrFeature   usbd_req.o
    0x0800b0c8   0x0800b0c8   0x0000001e   Code   RO         7281    i.USBD_CtlContinueRx  usbd_ioreq.o
    0x0800b0e6   0x0800b0e6   0x0000001e   Code   RO         7282    i.USBD_CtlContinueSendData  usbd_ioreq.o
    0x0800b104   0x0800b104   0x0000001e   Code   RO         7338    i.USBD_CtlError     usbd_req.o
    0x0800b122   0x0800b122   0x0000002e   Code   RO         7283    i.USBD_CtlPrepareRx  usbd_ioreq.o
    0x0800b150   0x0800b150   0x00000024   Code   RO         7284    i.USBD_CtlReceiveStatus  usbd_ioreq.o
    0x0800b174   0x0800b174   0x0000002e   Code   RO         7285    i.USBD_CtlSendData  usbd_ioreq.o
    0x0800b1a2   0x0800b1a2   0x00000024   Code   RO         7286    i.USBD_CtlSendStatus  usbd_ioreq.o
    0x0800b1c6   0x0800b1c6   0x000000e8   Code   RO         7173    i.USBD_DataInStage  usbd_core.o
    0x0800b2ae   0x0800b2ae   0x00000096   Code   RO         7174    i.USBD_DataOutStage  usbd_core.o
    0x0800b344   0x0800b344   0x00000006   Code   RO         7175    i.USBD_DeInit       usbd_core.o
    0x0800b34a   0x0800b34a   0x00000002   PAD
    0x0800b34c   0x0800b34c   0x00000054   Code   RO         7339    i.USBD_GetConfig    usbd_req.o
    0x0800b3a0   0x0800b3a0   0x00000112   Code   RO         7340    i.USBD_GetDescriptor  usbd_req.o
    0x0800b4b2   0x0800b4b2   0x00000014   Code   RO         7341    i.USBD_GetLen       usbd_req.o
    0x0800b4c6   0x0800b4c6   0x00000002   PAD
    0x0800b4c8   0x0800b4c8   0x00000050   Code   RO         7342    i.USBD_GetStatus    usbd_req.o
    0x0800b518   0x0800b518   0x00000052   Code   RO         7343    i.USBD_GetString    usbd_req.o
    0x0800b56a   0x0800b56a   0x00000042   Code   RO         7176    i.USBD_Init         usbd_core.o
    0x0800b5ac   0x0800b5ac   0x00000012   Code   RO         7177    i.USBD_IsoINIncomplete  usbd_core.o
    0x0800b5be   0x0800b5be   0x00000012   Code   RO         7178    i.USBD_IsoOUTIncomplete  usbd_core.o
    0x0800b5d0   0x0800b5d0   0x000000e0   Code   RO         7100    i.USBD_OTG_ISR_Handler  usb_dcd_int.o
    0x0800b6b0   0x0800b6b0   0x00000048   Code   RO         7344    i.USBD_ParseSetupRequest  usbd_req.o
    0x0800b6f8   0x0800b6f8   0x00000032   Code   RO         7179    i.USBD_Reset        usbd_core.o
    0x0800b72a   0x0800b72a   0x0000001e   Code   RO         7180    i.USBD_Resume       usbd_core.o
    0x0800b748   0x0800b748   0x00000014   Code   RO         7181    i.USBD_RunTestMode  usbd_core.o
    0x0800b75c   0x0800b75c   0x0000001a   Code   RO         7182    i.USBD_SOF          usbd_core.o
    0x0800b776   0x0800b776   0x0000005c   Code   RO         7345    i.USBD_SetAddress   usbd_req.o
    0x0800b7d2   0x0800b7d2   0x0000001e   Code   RO         7183    i.USBD_SetCfg       usbd_core.o
    0x0800b7f0   0x0800b7f0   0x000000d0   Code   RO         7346    i.USBD_SetConfig    usbd_req.o
    0x0800b8c0   0x0800b8c0   0x000000b0   Code   RO         7347    i.USBD_SetFeature   usbd_req.o
    0x0800b970   0x0800b970   0x00000054   Code   RO         7184    i.USBD_SetupStage   usbd_core.o
    0x0800b9c4   0x0800b9c4   0x00000072   Code   RO         7348    i.USBD_StdDevReq    usbd_req.o
    0x0800ba36   0x0800ba36   0x00000002   PAD
    0x0800ba38   0x0800ba38   0x00000178   Code   RO         7349    i.USBD_StdEPReq     usbd_req.o
    0x0800bbb0   0x0800bbb0   0x0000004c   Code   RO         7350    i.USBD_StdItfReq    usbd_req.o
    0x0800bbfc   0x0800bbfc   0x00000020   Code   RO         7185    i.USBD_Suspend      usbd_core.o
    0x0800bc1c   0x0800bc1c   0x00000034   Code   RO         7622    i.USBD_USR_ConfigStrDescriptor  usbd_desc.o
    0x0800bc50   0x0800bc50   0x0000000c   Code   RO         7695    i.USBD_USR_DeviceConfigured  usbd_usr.o
    0x0800bc5c   0x0800bc5c   0x0000000c   Code   RO         7696    i.USBD_USR_DeviceConnected  usbd_usr.o
    0x0800bc68   0x0800bc68   0x00000010   Code   RO         7623    i.USBD_USR_DeviceDescriptor  usbd_desc.o
    0x0800bc78   0x0800bc78   0x0000000c   Code   RO         7697    i.USBD_USR_DeviceDisconnected  usbd_usr.o
    0x0800bc84   0x0800bc84   0x00000012   Code   RO         7698    i.USBD_USR_DeviceReset  usbd_usr.o
    0x0800bc96   0x0800bc96   0x00000002   Code   RO         7699    i.USBD_USR_DeviceResumed  usbd_usr.o
    0x0800bc98   0x0800bc98   0x0000000c   Code   RO         7700    i.USBD_USR_DeviceSuspended  usbd_usr.o
    0x0800bca4   0x0800bca4   0x00000002   Code   RO         7701    i.USBD_USR_Init     usbd_usr.o
    0x0800bca6   0x0800bca6   0x00000002   PAD
    0x0800bca8   0x0800bca8   0x00000038   Code   RO         7624    i.USBD_USR_InterfaceStrDescriptor  usbd_desc.o
    0x0800bce0   0x0800bce0   0x00000010   Code   RO         7625    i.USBD_USR_LangIDStrDescriptor  usbd_desc.o
    0x0800bcf0   0x0800bcf0   0x0000002c   Code   RO         7626    i.USBD_USR_ManufacturerStrDescriptor  usbd_desc.o
    0x0800bd1c   0x0800bd1c   0x00000070   Code   RO         7627    i.USBD_USR_ProductStrDescriptor  usbd_desc.o
    0x0800bd8c   0x0800bd8c   0x00000018   Code   RO         7628    i.USBD_USR_SerialStrDescriptor  usbd_desc.o
    0x0800bda4   0x0800bda4   0x00000010   Code   RO         7436    i.USBD_cdc_GetCfgDesc  usbd_cdc_core.o
    0x0800bdb4   0x0800bdb4   0x0000002c   Code   RO         7509    i.USB_OTG_BSP_EnableInterrupt  usb_bsp.o
    0x0800bde0   0x0800bde0   0x0000005c   Code   RO         7510    i.USB_OTG_BSP_Init  usb_bsp.o
    0x0800be3c   0x0800be3c   0x00000012   Code   RO         7511    i.USB_OTG_BSP_mDelay  usb_bsp.o
    0x0800be4e   0x0800be4e   0x0000001e   Code   RO         7512    i.USB_OTG_BSP_uDelay  usb_bsp.o
    0x0800be6c   0x0800be6c   0x00000126   Code   RO         6751    i.USB_OTG_CoreInit  usb_core.o
    0x0800bf92   0x0800bf92   0x0000020e   Code   RO         6752    i.USB_OTG_CoreInitDev  usb_core.o
    0x0800c1a0   0x0800c1a0   0x00000070   Code   RO         6753    i.USB_OTG_CoreReset  usb_core.o
    0x0800c210   0x0800c210   0x00000022   Code   RO         6754    i.USB_OTG_DisableGlobalInt  usb_core.o
    0x0800c232   0x0800c232   0x00000074   Code   RO         6755    i.USB_OTG_EP0Activate  usb_core.o
    0x0800c2a6   0x0800c2a6   0x00000156   Code   RO         6756    i.USB_OTG_EP0StartXfer  usb_core.o
    0x0800c3fc   0x0800c3fc   0x00000062   Code   RO         6757    i.USB_OTG_EP0_OutStart  usb_core.o
    0x0800c45e   0x0800c45e   0x00000098   Code   RO         6758    i.USB_OTG_EPActivate  usb_core.o
    0x0800c4f6   0x0800c4f6   0x00000050   Code   RO         6759    i.USB_OTG_EPClearStall  usb_core.o
    0x0800c546   0x0800c546   0x0000005e   Code   RO         6760    i.USB_OTG_EPDeactivate  usb_core.o
    0x0800c5a4   0x0800c5a4   0x00000064   Code   RO         6761    i.USB_OTG_EPSetStall  usb_core.o
    0x0800c608   0x0800c608   0x000001fe   Code   RO         6762    i.USB_OTG_EPStartXfer  usb_core.o
    0x0800c806   0x0800c806   0x00000034   Code   RO         6763    i.USB_OTG_EnableCommonInt  usb_core.o
    0x0800c83a   0x0800c83a   0x0000009a   Code   RO         6764    i.USB_OTG_EnableDevInt  usb_core.o
    0x0800c8d4   0x0800c8d4   0x00000022   Code   RO         6765    i.USB_OTG_EnableGlobalInt  usb_core.o
    0x0800c8f6   0x0800c8f6   0x00000002   PAD
    0x0800c8f8   0x0800c8f8   0x0000004c   Code   RO         6766    i.USB_OTG_FlushRxFifo  usb_core.o
    0x0800c944   0x0800c944   0x00000054   Code   RO         6767    i.USB_OTG_FlushTxFifo  usb_core.o
    0x0800c998   0x0800c998   0x00000038   Code   RO         6768    i.USB_OTG_GetDeviceSpeed  usb_core.o
    0x0800c9d0   0x0800c9d0   0x0000000c   Code   RO         6770    i.USB_OTG_GetMode   usb_core.o
    0x0800c9dc   0x0800c9dc   0x00000018   Code   RO         6771    i.USB_OTG_InitDevSpeed  usb_core.o
    0x0800c9f4   0x0800c9f4   0x00000016   Code   RO         6772    i.USB_OTG_IsDeviceMode  usb_core.o
    0x0800ca0a   0x0800ca0a   0x00000010   Code   RO         6774    i.USB_OTG_ReadCoreItr  usb_core.o
    0x0800ca1a   0x0800ca1a   0x00000010   Code   RO         6775    i.USB_OTG_ReadDevAllInEPItr  usb_core.o
    0x0800ca2a   0x0800ca2a   0x00000010   Code   RO         6776    i.USB_OTG_ReadDevAllOutEp_itr  usb_core.o
    0x0800ca3a   0x0800ca3a   0x00000014   Code   RO         6777    i.USB_OTG_ReadDevOutEP_itr  usb_core.o
    0x0800ca4e   0x0800ca4e   0x00000028   Code   RO         6779    i.USB_OTG_ReadPacket  usb_core.o
    0x0800ca76   0x0800ca76   0x00000002   PAD
    0x0800ca78   0x0800ca78   0x000000d0   Code   RO         6780    i.USB_OTG_SelectCore  usb_core.o
    0x0800cb48   0x0800cb48   0x0000004e   Code   RO         6781    i.USB_OTG_SetCurrentMode  usb_core.o
    0x0800cb96   0x0800cb96   0x00000040   Code   RO         6785    i.USB_OTG_WritePacket  usb_core.o
    0x0800cbd6   0x0800cbd6   0x00000002   PAD
    0x0800cbd8   0x0800cbd8   0x00000058   Code   RO         2795    i.UsageFault_Handler  nvic.o
    0x0800cc30   0x0800cc30   0x000000a0   Code   RO         7547    i.VCP_Ctrl          usbd_cdc_vcp.o
    0x0800ccd0   0x0800ccd0   0x00000030   Code   RO         7548    i.VCP_DataRx        usbd_cdc_vcp.o
    0x0800cd00   0x0800cd00   0x00000050   Code   RO         7549    i.VCP_DataTx        usbd_cdc_vcp.o
    0x0800cd50   0x0800cd50   0x00000004   Code   RO         7550    i.VCP_DeInit        usbd_cdc_vcp.o
    0x0800cd54   0x0800cd54   0x00000004   Code   RO         7551    i.VCP_Init          usbd_cdc_vcp.o
    0x0800cd58   0x0800cd58   0x00000020   Code   RO         9568    i.__0printf         mc_w.l(printfa.o)
    0x0800cd78   0x0800cd78   0x00000030   Code   RO         9632    i.__ARM_fpclassify  m_wm.l(fpclassify.o)
    0x0800cda8   0x0800cda8   0x00000026   Code   RO         9634    i.__ARM_fpclassifyf  m_wm.l(fpclassifyf.o)
    0x0800cdce   0x0800cdce   0x00000002   PAD
    0x0800cdd0   0x0800cdd0   0x0000012c   Code   RO         9214    i.__hardfp_asinf    m_wm.l(asinf.o)
    0x0800cefc   0x0800cefc   0x00000250   Code   RO         9226    i.__hardfp_atan2f   m_wm.l(atan2f.o)
    0x0800d14c   0x0800d14c   0x00000150   Code   RO         9238    i.__hardfp_cosf     m_wm.l(cosf.o)
    0x0800d29c   0x0800d29c   0x00000014   Code   RO         9250    i.__hardfp_fabs     m_wm.l(fabs.o)
    0x0800d2b0   0x0800d2b0   0x00000c50   Code   RO         9256    i.__hardfp_pow      m_wm.l(pow.o)
    0x0800df00   0x0800df00   0x00000664   Code   RO         9270    i.__hardfp_powf     m_wm.l(powf.o)
    0x0800e564   0x0800e564   0x00000190   Code   RO         9284    i.__hardfp_sinf     m_wm.l(sinf.o)
    0x0800e6f4   0x0800e6f4   0x0000003a   Code   RO         9296    i.__hardfp_sqrtf    m_wm.l(sqrtf.o)
    0x0800e72e   0x0800e72e   0x00000002   PAD
    0x0800e730   0x0800e730   0x0000017c   Code   RO         9308    i.__hardfp_tanf     m_wm.l(tanf.o)
    0x0800e8ac   0x0800e8ac   0x000000f8   Code   RO         9650    i.__kernel_poly     m_wm.l(poly.o)
    0x0800e9a4   0x0800e9a4   0x00000004   PAD
    0x0800e9a8   0x0800e9a8   0x00000030   Code   RO         9618    i.__mathlib_dbl_divzero  m_wm.l(dunder.o)
    0x0800e9d8   0x0800e9d8   0x00000014   Code   RO         9620    i.__mathlib_dbl_infnan2  m_wm.l(dunder.o)
    0x0800e9ec   0x0800e9ec   0x00000004   PAD
    0x0800e9f0   0x0800e9f0   0x00000020   Code   RO         9621    i.__mathlib_dbl_invalid  m_wm.l(dunder.o)
    0x0800ea10   0x0800ea10   0x00000020   Code   RO         9622    i.__mathlib_dbl_overflow  m_wm.l(dunder.o)
    0x0800ea30   0x0800ea30   0x00000020   Code   RO         9624    i.__mathlib_dbl_underflow  m_wm.l(dunder.o)
    0x0800ea50   0x0800ea50   0x00000014   Code   RO         9636    i.__mathlib_flt_divzero  m_wm.l(funder.o)
    0x0800ea64   0x0800ea64   0x00000006   Code   RO         9637    i.__mathlib_flt_infnan  m_wm.l(funder.o)
    0x0800ea6a   0x0800ea6a   0x00000006   Code   RO         9638    i.__mathlib_flt_infnan2  m_wm.l(funder.o)
    0x0800ea70   0x0800ea70   0x00000010   Code   RO         9639    i.__mathlib_flt_invalid  m_wm.l(funder.o)
    0x0800ea80   0x0800ea80   0x00000010   Code   RO         9640    i.__mathlib_flt_overflow  m_wm.l(funder.o)
    0x0800ea90   0x0800ea90   0x00000010   Code   RO         9642    i.__mathlib_flt_underflow  m_wm.l(funder.o)
    0x0800eaa0   0x0800eaa0   0x00000154   Code   RO         9653    i.__mathlib_rredf2  m_wm.l(rredf.o)
    0x0800ebf4   0x0800ebf4   0x0000000e   Code   RO         9718    i.__scatterload_copy  mc_w.l(handlers.o)
    0x0800ec02   0x0800ec02   0x00000002   Code   RO         9719    i.__scatterload_null  mc_w.l(handlers.o)
    0x0800ec04   0x0800ec04   0x0000000e   Code   RO         9720    i.__scatterload_zeroinit  mc_w.l(handlers.o)
    0x0800ec12   0x0800ec12   0x00000002   PAD
    0x0800ec14   0x0800ec14   0x0000000c   Code   RO         9694    i.__set_errno       mc_w.l(errno.o)
    0x0800ec20   0x0800ec20   0x00000184   Code   RO         9575    i._fp_digits        mc_w.l(printfa.o)
    0x0800eda4   0x0800eda4   0x000006dc   Code   RO         9576    i._printf_core      mc_w.l(printfa.o)
    0x0800f480   0x0800f480   0x00000024   Code   RO         9577    i._printf_post_padding  mc_w.l(printfa.o)
    0x0800f4a4   0x0800f4a4   0x0000002e   Code   RO         9578    i._printf_pre_padding  mc_w.l(printfa.o)
    0x0800f4d2   0x0800f4d2   0x00000002   PAD
    0x0800f4d4   0x0800f4d4   0x000000a0   Code   RO         8615    i.altholdPID        position_pid.o
    0x0800f574   0x0800f574   0x00000074   Code   RO         8402    i.anomalDetec       anomal_detec.o
    0x0800f5e8   0x0800f5e8   0x00000034   Code   RO         8762    i.applyAxis3fLpf    sensors.o
    0x0800f61c   0x0800f61c   0x00000078   Code   RO         9091    i.assertFail        debug_assert.o
    0x0800f694   0x0800f694   0x0000002c   Code   RO         7774    i.atkpCheckSum      atkp.o
    0x0800f6c0   0x0800f6c0   0x00000060   Code   RO         7775    i.atkpInit          atkp.o
    0x0800f720   0x0800f720   0x000000a0   Code   RO         8219    i.atkpPacketDispatch  radiolink.o
    0x0800f7c0   0x0800f7c0   0x000009c0   Code   RO         7776    i.atkpReceiveAnl    atkp.o
    0x08010180   0x08010180   0x00000084   Code   RO         7777    i.atkpReceivePacketBlocking  atkp.o
    0x08010204   0x08010204   0x00000020   Code   RO         7778    i.atkpRxAnlTask     atkp.o
    0x08010224   0x08010224   0x00000018   Code   RO         7779    i.atkpSendPacket    atkp.o
    0x0801023c   0x0801023c   0x00000228   Code   RO         7780    i.atkpSendPeriod    atkp.o
    0x08010464   0x08010464   0x00000012   Code   RO         7781    i.atkpTxTask        atkp.o
    0x08010476   0x08010476   0x00000002   PAD
    0x08010478   0x08010478   0x000000c4   Code   RO         8436    i.attitudeAnglePID  attitude_pid.o
    0x0801053c   0x0801053c   0x00000118   Code   RO         8437    i.attitudeControlInit  attitude_pid.o
    0x08010654   0x08010654   0x00000004   Code   RO         8438    i.attitudeControlTest  attitude_pid.o
    0x08010658   0x08010658   0x0000044c   Code   RO         3192    i.attitudeInduceEffect  ledring12.o
    0x08010aa4   0x08010aa4   0x000000f8   Code   RO         8439    i.attitudePIDwriteToConfigParam  attitude_pid.o
    0x08010b9c   0x08010b9c   0x00000080   Code   RO         8440    i.attitudeRatePID   attitude_pid.o
    0x08010c1c   0x08010c1c   0x00000040   Code   RO         8441    i.attitudeResetAllPID  attitude_pid.o
    0x08010c5c   0x08010c5c   0x000000c0   Code   RO         3193    i.binkLED           ledring12.o
    0x08010d1c   0x08010d1c   0x00000034   Code   RO         3194    i.blackEffect       ledring12.o
    0x08010d50   0x08010d50   0x000001a8   Code   RO          663    i.bmp280CompensateP  bmp280.o
    0x08010ef8   0x08010ef8   0x00000048   Code   RO          664    i.bmp280CompensateT  bmp280.o
    0x08010f40   0x08010f40   0x000000ac   Code   RO          667    i.bmp280Init        bmp280.o
    0x08010fec   0x08010fec   0x000000b8   Code   RO          668    i.bmp280PressureToAltitude  bmp280.o
    0x080110a4   0x080110a4   0x00000128   Code   RO         3195    i.breathingLED      ledring12.o
    0x080111cc   0x080111cc   0x000000b0   Code   RO         3196    i.colorSpinEffect   ledring12.o
    0x0801127c   0x0801127c   0x000000c0   Code   RO         3197    i.colorTest         ledring12.o
    0x0801133c   0x0801133c   0x00000020   Code   RO         7897    i.commInit          comm.o
    0x0801135c   0x0801135c   0x00000014   Code   RO         7898    i.commTest          comm.o
    0x08011370   0x08011370   0x00000028   Code   RO         7925    i.commanderDropToGround  commander.o
    0x08011398   0x08011398   0x000001d4   Code   RO         7926    i.commanderGetSetpoint  commander.o
    0x0801156c   0x0801156c   0x00000070   Code   RO         7927    i.commanderLevelRPY  commander.o
    0x080115dc   0x080115dc   0x00000026   Code   RO          406    i.configParamCksum  config_param.o
    0x08011602   0x08011602   0x00000002   PAD
    0x08011604   0x08011604   0x00000018   Code   RO          407    i.configParamGiveSemaphore  config_param.o
    0x0801161c   0x0801161c   0x00000134   Code   RO          408    i.configParamInit   config_param.o
    0x08011750   0x08011750   0x00000058   Code   RO          409    i.configParamTask   config_param.o
    0x080117a8   0x080117a8   0x0000000c   Code   RO          410    i.configParamTest   config_param.o
    0x080117b4   0x080117b4   0x0000004c   Code   RO         8107    i.consoleInit       console.o
    0x08011800   0x08011800   0x000000cc   Code   RO         8108    i.consolePutchar    console.o
    0x080118cc   0x080118cc   0x00000044   Code   RO         8109    i.consolePutcharFromISR  console.o
    0x08011910   0x08011910   0x0000000c   Code   RO         8111    i.consoleTest       console.o
    0x0801191c   0x0801191c   0x00000078   Code   RO         7928    i.ctrlDataCacheUpdate  commander.o
    0x08011994   0x08011994   0x00000088   Code   RO         9053    i.deadband          state_estimator.o
    0x08011a1c   0x08011a1c   0x00000044   Code   RO          292    i.delay_init        delay.o
    0x08011a60   0x08011a60   0x00000048   Code   RO          294    i.delay_us          delay.o
    0x08011aa8   0x08011aa8   0x00000018   Code   RO          295    i.delay_xms         delay.o
    0x08011ac0   0x08011ac0   0x000000cc   Code   RO         8403    i.detecFreeFall     anomal_detec.o
    0x08011b8c   0x08011b8c   0x000000d4   Code   RO         8404    i.detecTumbled      anomal_detec.o
    0x08011c60   0x08011c60   0x00000200   Code   RO         8616    i.detecWeight       position_pid.o
    0x08011e60   0x08011e60   0x0000009c   Code   RO         3198    i.doubleSpinEffect  ledring12.o
    0x08011efc   0x08011efc   0x00000030   Code   RO         3289    i.expModuleDetect   module_mgt.o
    0x08011f2c   0x08011f2c   0x00000108   Code   RO          725    i.expModuleDriverInit  module_detect.o
    0x08012034   0x08012034   0x00000058   Code   RO         3290    i.expModuleMgtTask  module_mgt.o
    0x0801208c   0x0801208c   0x00000022   Code   RO         3291    i.expModulePower    module_mgt.o
    0x080120ae   0x080120ae   0x00000002   PAD
    0x080120b0   0x080120b0   0x0000009c   Code   RO          783    i.extiInit          exti.o
    0x0801214c   0x0801214c   0x00000018   Code   RO         9252    i.fabs              m_wm.l(fabs.o)
    0x08012164   0x08012164   0x00000068   Code   RO         3139    i.fillLed           ws2812.o
    0x080121cc   0x080121cc   0x00000028   Code   RO         3199    i.flashlight        ledring12.o
    0x080121f4   0x080121f4   0x000000a4   Code   RO         7929    i.flightCtrldataCache  commander.o
    0x08012298   0x08012298   0x000001a8   Code   RO         7930    i.flyerAutoLand     commander.o
    0x08012440   0x08012440   0x00000510   Code   RO         8494    i.flyerFlipCheck    flip.o
    0x08012950   0x08012950   0x00000010   Code   RO          361    i.fputc             usart.o
    0x08012960   0x08012960   0x00000028   Code   RO         8941    i.getAttitudeData   stabilizer.o
    0x08012988   0x08012988   0x0000000c   Code   RO         8942    i.getBaroData       stabilizer.o
    0x08012994   0x08012994   0x00000010   Code   RO         7931    i.getCommanderAltholdMode  commander.o
    0x080129a4   0x080129a4   0x00000010   Code   RO         7932    i.getCommanderKeyFlight  commander.o
    0x080129b4   0x080129b4   0x0000000c   Code   RO         8763    i.getIsBaroPresent  sensors.o
    0x080129c0   0x080129c0   0x0000000c   Code   RO         8943    i.getIsCalibPass    stabilizer.o
    0x080129cc   0x080129cc   0x0000000c   Code   RO         8156    i.getIsLowpower     pm.o
    0x080129d8   0x080129d8   0x0000000c   Code   RO         8764    i.getIsMPU9250Present  sensors.o
    0x080129e4   0x080129e4   0x000000f8   Code   RO          726    i.getModuleDriverID  module_detect.o
    0x08012adc   0x08012adc   0x0000000c   Code   RO         3292    i.getModuleID       module_mgt.o
    0x08012ae8   0x08012ae8   0x00000010   Code   RO         8677    i.getMotorPWM       power_control.o
    0x08012af8   0x08012af8   0x00000020   Code   RO         8617    i.getPositionPIDZ   position_pid.o
    0x08012b18   0x08012b18   0x0000000c   Code   RO         8944    i.getPositionZ      stabilizer.o
    0x08012b24   0x08012b24   0x00000024   Code   RO         8034    i.getPrio           ledseq.o
    0x08012b48   0x08012b48   0x00000014   Code   RO         8945    i.getSensorData     stabilizer.o
    0x08012b5c   0x08012b5c   0x00000030   Code   RO         8765    i.getSensorRawData  sensors.o
    0x08012b8c   0x08012b8c   0x00000014   Code   RO         8946    i.getState          stabilizer.o
    0x08012ba0   0x08012ba0   0x0000001c   Code   RO         2796    i.getSysTickCnt     nvic.o
    0x08012bbc   0x08012bbc   0x0000000c   Code   RO         7702    i.getusbConnectState  usbd_usr.o
    0x08012bc8   0x08012bc8   0x0000015c   Code   RO         3200    i.gyroInduceEffect  ledring12.o
    0x08012d24   0x08012d24   0x0000002c   Code   RO         1093    i.i2cNotifyClient   i2c_drv.o
    0x08012d50   0x08012d50   0x0000001e   Code   RO         1094    i.i2cTryNextMessage  i2c_drv.o
    0x08012d6e   0x08012d6e   0x0000000e   Code   RO         1010    i.i2cdevInit        i2cdev.o
    0x08012d7c   0x08012d7c   0x00000044   Code   RO         1011    i.i2cdevRead        i2cdev.o
    0x08012dc0   0x08012dc0   0x00000054   Code   RO         1014    i.i2cdevReadBits    i2cdev.o
    0x08012e14   0x08012e14   0x0000001a   Code   RO         1015    i.i2cdevReadByte    i2cdev.o
    0x08012e2e   0x08012e2e   0x00000044   Code   RO         1016    i.i2cdevWrite       i2cdev.o
    0x08012e72   0x08012e72   0x00000050   Code   RO         1018    i.i2cdevWriteBit    i2cdev.o
    0x08012ec2   0x08012ec2   0x00000064   Code   RO         1019    i.i2cdevWriteBits   i2cdev.o
    0x08012f26   0x08012f26   0x0000001e   Code   RO         1020    i.i2cdevWriteByte   i2cdev.o
    0x08012f44   0x08012f44   0x0000003a   Code   RO         1095    i.i2cdrvClearDMA    i2c_drv.o
    0x08012f7e   0x08012f7e   0x00000020   Code   RO         1096    i.i2cdrvCreateMessage  i2c_drv.o
    0x08012f9e   0x08012f9e   0x0000001c   Code   RO         1097    i.i2cdrvCreateMessageIntAddr  i2c_drv.o
    0x08012fba   0x08012fba   0x0000004a   Code   RO         1098    i.i2cdrvDmaIsrHandler  i2c_drv.o
    0x08013004   0x08013004   0x00000068   Code   RO         1099    i.i2cdrvDmaSetupBus  i2c_drv.o
    0x0801306c   0x0801306c   0x00000094   Code   RO         1100    i.i2cdrvErrorIsrHandler  i2c_drv.o
    0x08013100   0x08013100   0x000001de   Code   RO         1101    i.i2cdrvEventIsrHandler  i2c_drv.o
    0x080132de   0x080132de   0x0000000c   Code   RO         1102    i.i2cdrvInit        i2c_drv.o
    0x080132ea   0x080132ea   0x0000014e   Code   RO         1103    i.i2cdrvInitBus     i2c_drv.o
    0x08013438   0x08013438   0x0000005a   Code   RO         1104    i.i2cdrvMessageTransfer  i2c_drv.o
    0x08013492   0x08013492   0x0000001c   Code   RO         1105    i.i2cdrvRoughLoopDelay  i2c_drv.o
    0x080134ae   0x080134ae   0x0000004e   Code   RO         1106    i.i2cdrvStartTransfer  i2c_drv.o
    0x080134fc   0x080134fc   0x0000000c   Code   RO         1107    i.i2cdrvTryToRestartBus  i2c_drv.o
    0x08013508   0x08013508   0x000000dc   Code   RO         1108    i.i2cdrvdevUnlockBus  i2c_drv.o
    0x080135e4   0x080135e4   0x00000548   Code   RO         8730    i.imuUpdate         sensfusion6.o
    0x08013b2c   0x08013b2c   0x0000003c   Code   RO         8731    i.invSqrt           sensfusion6.o
    0x08013b68   0x08013b68   0x00000018   Code   RO         1213    i.ledClearAll       led.o
    0x08013b80   0x08013b80   0x00000026   Code   RO         1214    i.ledFlashOne       led.o
    0x08013ba6   0x08013ba6   0x00000002   PAD
    0x08013ba8   0x08013ba8   0x0000007c   Code   RO         1215    i.ledInit           led.o
    0x08013c24   0x08013c24   0x0000005c   Code   RO         1216    i.ledSet            led.o
    0x08013c80   0x08013c80   0x00000064   Code   RO         1218    i.ledTest           led.o
    0x08013ce4   0x08013ce4   0x00000048   Code   RO         3201    i.ledring12Init     ledring12.o
    0x08013d2c   0x08013d2c   0x00000054   Code   RO         3202    i.ledring12Timer    ledring12.o
    0x08013d80   0x08013d80   0x0000000c   Code   RO         3203    i.ledringPowerControl  ledring12.o
    0x08013d8c   0x08013d8c   0x0000000c   Code   RO         8035    i.ledseqEnable      ledseq.o
    0x08013d98   0x08013d98   0x000000b0   Code   RO         8036    i.ledseqInit        ledseq.o
    0x08013e48   0x08013e48   0x00000070   Code   RO         8037    i.ledseqRun         ledseq.o
    0x08013eb8   0x08013eb8   0x00000064   Code   RO         8039    i.ledseqStop        ledseq.o
    0x08013f1c   0x08013f1c   0x0000001c   Code   RO         8040    i.ledseqTest        ledseq.o
    0x08013f38   0x08013f38   0x00000018   Code   RO         8678    i.limitThrust       power_control.o
    0x08013f50   0x08013f50   0x0000003c   Code   RO         8618    i.limitThrustBase   position_pid.o
    0x08013f8c   0x08013f8c   0x0000006e   Code   RO         9169    i.lpf2pApply        filter.o
    0x08013ffa   0x08013ffa   0x00000034   Code   RO         9170    i.lpf2pInit         filter.o
    0x0801402e   0x0801402e   0x00000002   PAD
    0x08014030   0x08014030   0x000000d4   Code   RO         9172    i.lpf2pSetCutoffFreq  filter.o
    0x08014104   0x08014104   0x00000038   Code   RO            3    i.main              main.o
    0x0801413c   0x0801413c   0x00000140   Code   RO         1265    i.motorsInit        motors.o
    0x0801427c   0x0801427c   0x00000118   Code   RO         1266    i.motorsSetRatio    motors.o
    0x08014394   0x08014394   0x00000040   Code   RO         1267    i.motorsTest        motors.o
    0x080143d4   0x080143d4   0x0000002c   Code   RO         1333    i.mpu6500GetDeviceID  mpu6500.o
    0x08014400   0x08014400   0x00000028   Code   RO         1435    i.mpu6500Init       mpu6500.o
    0x08014428   0x08014428   0x00000020   Code   RO         1438    i.mpu6500Reset      mpu6500.o
    0x08014448   0x08014448   0x00000024   Code   RO         1447    i.mpu6500SetAccelDLPF  mpu6500.o
    0x0801446c   0x0801446c   0x00000024   Code   RO         1454    i.mpu6500SetClockSource  mpu6500.o
    0x08014490   0x08014490   0x00000024   Code   RO         1456    i.mpu6500SetDLPFMode  mpu6500.o
    0x080144b4   0x080144b4   0x00000024   Code   RO         1468    i.mpu6500SetFullScaleAccelRange  mpu6500.o
    0x080144d8   0x080144d8   0x00000024   Code   RO         1469    i.mpu6500SetFullScaleGyroRange  mpu6500.o
    0x080144fc   0x080144fc   0x00000020   Code   RO         1473    i.mpu6500SetI2CBypassEnabled  mpu6500.o
    0x0801451c   0x0801451c   0x00000020   Code   RO         1474    i.mpu6500SetI2CMasterModeEnabled  mpu6500.o
    0x0801453c   0x0801453c   0x00000020   Code   RO         1476    i.mpu6500SetIntDataReadyEnabled  mpu6500.o
    0x0801455c   0x0801455c   0x00000020   Code   RO         1477    i.mpu6500SetIntEnabled  mpu6500.o
    0x0801457c   0x0801457c   0x00000020   Code   RO         1484    i.mpu6500SetInterruptDrive  mpu6500.o
    0x0801459c   0x0801459c   0x00000020   Code   RO         1485    i.mpu6500SetInterruptLatch  mpu6500.o
    0x080145bc   0x080145bc   0x00000020   Code   RO         1486    i.mpu6500SetInterruptLatchClear  mpu6500.o
    0x080145dc   0x080145dc   0x00000020   Code   RO         1487    i.mpu6500SetInterruptMode  mpu6500.o
    0x080145fc   0x080145fc   0x00000024   Code   RO         1488    i.mpu6500SetMasterClockSpeed  mpu6500.o
    0x08014620   0x08014620   0x00000020   Code   RO         1493    i.mpu6500SetRate    mpu6500.o
    0x08014640   0x08014640   0x00000024   Code   RO         1501    i.mpu6500SetSlave4MasterDelay  mpu6500.o
    0x08014664   0x08014664   0x00000030   Code   RO         1505    i.mpu6500SetSlaveAddress  mpu6500.o
    0x08014694   0x08014694   0x00000034   Code   RO         1506    i.mpu6500SetSlaveDataLength  mpu6500.o
    0x080146c8   0x080146c8   0x00000024   Code   RO         1507    i.mpu6500SetSlaveDelayEnabled  mpu6500.o
    0x080146ec   0x080146ec   0x00000030   Code   RO         1508    i.mpu6500SetSlaveEnabled  mpu6500.o
    0x0801471c   0x0801471c   0x00000020   Code   RO         1510    i.mpu6500SetSlaveReadWriteTransitionEnabled  mpu6500.o
    0x0801473c   0x0801473c   0x00000030   Code   RO         1511    i.mpu6500SetSlaveRegister  mpu6500.o
    0x0801476c   0x0801476c   0x00000020   Code   RO         1515    i.mpu6500SetSleepEnabled  mpu6500.o
    0x0801478c   0x0801478c   0x00000024   Code   RO         1523    i.mpu6500SetTempSensorEnabled  mpu6500.o
    0x080147b0   0x080147b0   0x00000020   Code   RO         1524    i.mpu6500SetWaitForExternalSensorEnabled  mpu6500.o
    0x080147d0   0x080147d0   0x0000000e   Code   RO          727    i.my_abs            module_detect.o
    0x080147de   0x080147de   0x00000002   PAD
    0x080147e0   0x080147e0   0x00000018   Code   RO         2797    i.nvicInit          nvic.o
    0x080147f8   0x080147f8   0x00000068   Code   RO         8524    i.pidInit           pid.o
    0x08014860   0x08014860   0x00000040   Code   RO         8442    i.pidOutLimit       attitude_pid.o
    0x080148a0   0x080148a0   0x00000028   Code   RO         8526    i.pidReset          pid.o
    0x080148c8   0x080148c8   0x00000006   Code   RO         8530    i.pidSetIntegralLimit  pid.o
    0x080148ce   0x080148ce   0x000000b8   Code   RO         8535    i.pidUpdate         pid.o
    0x08014986   0x08014986   0x00000002   PAD
    0x08014988   0x08014988   0x0000000c   Code   RO         8157    i.pmGetBatteryVoltage  pm.o
    0x08014994   0x08014994   0x0000003c   Code   RO         8158    i.pmInit            pm.o
    0x080149d0   0x080149d0   0x0000003c   Code   RO         8159    i.pmSetBatteryVoltage  pm.o
    0x08014a0c   0x08014a0c   0x00000024   Code   RO         8160    i.pmSyslinkUpdate   pm.o
    0x08014a30   0x08014a30   0x00000110   Code   RO         8161    i.pmTask            pm.o
    0x08014b40   0x08014b40   0x0000000c   Code   RO         8162    i.pmTest            pm.o
    0x08014b4c   0x08014b4c   0x00000050   Code   RO         8163    i.pmUpdateState     pm.o
    0x08014b9c   0x08014b9c   0x00000094   Code   RO         8619    i.positionControlInit  position_pid.o
    0x08014c30   0x08014c30   0x00000078   Code   RO         9054    i.positionEstimate  state_estimator.o
    0x08014ca8   0x08014ca8   0x00000020   Code   RO         8620    i.positionResetAllPID  position_pid.o
    0x08014cc8   0x08014cc8   0x00000178   Code   RO         8679    i.powerControl      power_control.o
    0x08014e40   0x08014e40   0x00000008   Code   RO         8680    i.powerControlInit  power_control.o
    0x08014e48   0x08014e48   0x0000000e   Code   RO         8681    i.powerControlTest  power_control.o
    0x08014e56   0x08014e56   0x00000002   PAD
    0x08014e58   0x08014e58   0x00000064   Code   RO         9092    i.printAssertSnapshotData  debug_assert.o
    0x08014ebc   0x08014ebc   0x000001b0   Code   RO         2798    i.printHardFault    nvic.o
    0x0801506c   0x0801506c   0x00000184   Code   RO         8766    i.processAccGyroMeasurements  sensors.o
    0x080151f0   0x080151f0   0x000000dc   Code   RO         8767    i.processAccScale   sensors.o
    0x080152cc   0x080152cc   0x000000a4   Code   RO         8768    i.processBarometerMeasurements  sensors.o
    0x08015370   0x08015370   0x0000005c   Code   RO         8769    i.processGyroBias   sensors.o
    0x080153cc   0x080153cc   0x00000080   Code   RO         8770    i.processMagnetometerMeasurements  sensors.o
    0x0801544c   0x0801544c   0x00000098   Code   RO         6096    i.prvAddCurrentTaskToDelayedList  tasks.o
    0x080154e4   0x080154e4   0x000000b8   Code   RO         6097    i.prvAddNewTaskToReadyList  tasks.o
    0x0801559c   0x0801559c   0x00000064   Code   RO         6488    i.prvCheckForValidListAndQueue  timers.o
    0x08015600   0x08015600   0x00000064   Code   RO         6098    i.prvCheckTasksWaitingTermination  tasks.o
    0x08015664   0x08015664   0x0000002a   Code   RO         5843    i.prvCopyDataFromQueue  queue.o
    0x0801568e   0x0801568e   0x0000007c   Code   RO         5844    i.prvCopyDataToQueue  queue.o
    0x0801570a   0x0801570a   0x00000012   Code   RO         6099    i.prvDeleteTCB      tasks.o
    0x0801571c   0x0801571c   0x00000028   Code   RO         6489    i.prvGetNextExpireTime  timers.o
    0x08015744   0x08015744   0x0000007c   Code   RO         6693    i.prvHeapInit       heap_4.o
    0x080157c0   0x080157c0   0x0000000c   Code   RO         6100    i.prvIdleTask       tasks.o
    0x080157cc   0x080157cc   0x0000001c   Code   RO         5845    i.prvInitialiseMutex  queue.o
    0x080157e8   0x080157e8   0x0000002e   Code   RO         5846    i.prvInitialiseNewQueue  queue.o
    0x08015816   0x08015816   0x00000092   Code   RO         6101    i.prvInitialiseNewTask  tasks.o
    0x080158a8   0x080158a8   0x0000002e   Code   RO         6490    i.prvInitialiseNewTimer  timers.o
    0x080158d6   0x080158d6   0x00000002   PAD
    0x080158d8   0x080158d8   0x00000068   Code   RO         6102    i.prvInitialiseTaskLists  tasks.o
    0x08015940   0x08015940   0x00000068   Code   RO         6694    i.prvInsertBlockIntoFreeList  heap_4.o
    0x080159a8   0x080159a8   0x00000058   Code   RO         6491    i.prvInsertTimerInActiveList  timers.o
    0x08015a00   0x08015a00   0x0000001a   Code   RO         5847    i.prvIsQueueEmpty   queue.o
    0x08015a1a   0x08015a1a   0x0000001e   Code   RO         5848    i.prvIsQueueFull    queue.o
    0x08015a38   0x08015a38   0x00000052   Code   RO         5849    i.prvNotifyQueueSetContainer  queue.o
    0x08015a8a   0x08015a8a   0x00000002   PAD
    0x08015a8c   0x08015a8c   0x0000004c   Code   RO         6492    i.prvProcessExpiredTimer  timers.o
    0x08015ad8   0x08015ad8   0x000000bc   Code   RO         6493    i.prvProcessReceivedCommands  timers.o
    0x08015b94   0x08015b94   0x00000074   Code   RO         6494    i.prvProcessTimerOrBlockTask  timers.o
    0x08015c08   0x08015c08   0x00000034   Code   RO         6104    i.prvResetNextTaskUnblockTime  tasks.o
    0x08015c3c   0x08015c3c   0x0000002c   Code   RO         6495    i.prvSampleTimeNow  timers.o
    0x08015c68   0x08015c68   0x00000084   Code   RO         6496    i.prvSwitchTimerLists  timers.o
    0x08015cec   0x08015cec   0x00000016   Code   RO         6615    i.prvTaskExitError  port.o
    0x08015d02   0x08015d02   0x0000001a   Code   RO         6497    i.prvTimerTask      timers.o
    0x08015d1c   0x08015d1c   0x00000092   Code   RO         5850    i.prvUnlockQueue    queue.o
    0x08015dae   0x08015dae   0x00000002   PAD
    0x08015db0   0x08015db0   0x000000dc   Code   RO         6695    i.pvPortMalloc      heap_4.o
    0x08015e8c   0x08015e8c   0x00000020   Code   RO         6108    i.pvTaskIncrementMutexHeldCount  tasks.o
    0x08015eac   0x08015eac   0x00000014   Code   RO         6498    i.pvTimerGetTimerID  timers.o
    0x08015ec0   0x08015ec0   0x0000002c   Code   RO         6616    i.pxPortInitialiseStack  port.o
    0x08015eec   0x08015eec   0x00000014   Code   RO         8220    i.radiolinkGetFreeTxQueuePackets  radiolink.o
    0x08015f00   0x08015f00   0x00000068   Code   RO         8221    i.radiolinkInit     radiolink.o
    0x08015f68   0x08015f68   0x00000084   Code   RO         8222    i.radiolinkSendPacket  radiolink.o
    0x08015fec   0x08015fec   0x00000084   Code   RO         8223    i.radiolinkSendPacketBlocking  radiolink.o
    0x08016070   0x08016070   0x00000134   Code   RO         8224    i.radiolinkTask     radiolink.o
    0x080161a4   0x080161a4   0x00000006   Code   RO         1268    i.ratioToCCRx       motors.o
    0x080161aa   0x080161aa   0x00000002   PAD
    0x080161ac   0x080161ac   0x000000b0   Code   RO         3204    i.redSpinEffect     ledring12.o
    0x0801625c   0x0801625c   0x000000fc   Code   RO         8276    i.remoterCtrlProcess  remoter_ctrl.o
    0x08016358   0x08016358   0x00000034   Code   RO          411    i.resetConfigParamPID  config_param.o
    0x0801638c   0x0801638c   0x00000064   Code   RO         7935    i.rotateYawCarefree  commander.o
    0x080163f0   0x080163f0   0x00000114   Code   RO         8041    i.runLedseq         ledseq.o
    0x08016504   0x08016504   0x000000a8   Code   RO         8621    i.runPidZ           position_pid.o
    0x080165ac   0x080165ac   0x00000026   Code   RO         7782    i.sendCheck         atkp.o
    0x080165d2   0x080165d2   0x000000f4   Code   RO         7783    i.sendMotorPWM      atkp.o
    0x080166c6   0x080166c6   0x00000002   PAD
    0x080166c8   0x080166c8   0x00000068   Code   RO         8277    i.sendMsgACK        remoter_ctrl.o
    0x08016730   0x08016730   0x00000206   Code   RO         7784    i.sendPid           atkp.o
    0x08016936   0x08016936   0x00000046   Code   RO         7785    i.sendPower         atkp.o
    0x0801697c   0x0801697c   0x00000134   Code   RO         7786    i.sendRCData        atkp.o
    0x08016ab0   0x08016ab0   0x0000016a   Code   RO         7787    i.sendSenser        atkp.o
    0x08016c1a   0x08016c1a   0x0000005a   Code   RO         7788    i.sendSenser2       atkp.o
    0x08016c74   0x08016c74   0x00000110   Code   RO         7789    i.sendStatus        atkp.o
    0x08016d84   0x08016d84   0x00000026   Code   RO         8771    i.sensorsAcquire    sensors.o
    0x08016daa   0x08016daa   0x0000002e   Code   RO         8772    i.sensorsAddBiasValue  sensors.o
    0x08016dd8   0x08016dd8   0x0000000c   Code   RO         8773    i.sensorsAreCalibrated  sensors.o
    0x08016de4   0x08016de4   0x0000000c   Code   RO         8774    i.sensorsBiasObjInit  sensors.o
    0x08016df0   0x08016df0   0x000001c8   Code   RO         8775    i.sensorsCalculateVarianceAndMean  sensors.o
    0x08016fb8   0x08016fb8   0x00000178   Code   RO         8776    i.sensorsDeviceInit  sensors.o
    0x08017130   0x08017130   0x00000080   Code   RO         8777    i.sensorsFindBiasValue  sensors.o
    0x080171b0   0x080171b0   0x0000003c   Code   RO         8778    i.sensorsInit       sensors.o
    0x080171ec   0x080171ec   0x00000064   Code   RO         8779    i.sensorsInterruptInit  sensors.o
    0x08017250   0x08017250   0x00000020   Code   RO         8780    i.sensorsReadAcc    sensors.o
    0x08017270   0x08017270   0x00000020   Code   RO         8781    i.sensorsReadBaro   sensors.o
    0x08017290   0x08017290   0x00000020   Code   RO         8782    i.sensorsReadGyro   sensors.o
    0x080172b0   0x080172b0   0x00000020   Code   RO         8783    i.sensorsReadMag    sensors.o
    0x080172d0   0x080172d0   0x000000a0   Code   RO         8784    i.sensorsSetupSlaveRead  sensors.o
    0x08017370   0x08017370   0x000000fc   Code   RO         8785    i.sensorsTask       sensors.o
    0x0801746c   0x0801746c   0x00000014   Code   RO         7936    i.setCommanderAltholdMode  commander.o
    0x08017480   0x08017480   0x00000014   Code   RO         7937    i.setCommanderEmerStop  commander.o
    0x08017494   0x08017494   0x00000014   Code   RO         7938    i.setCommanderFlightmode  commander.o
    0x080174a8   0x080174a8   0x00000014   Code   RO         7939    i.setCommanderKeyFlight  commander.o
    0x080174bc   0x080174bc   0x00000014   Code   RO         7940    i.setCommanderKeyland  commander.o
    0x080174d0   0x080174d0   0x0000000c   Code   RO         8495    i.setFlipDir        flip.o
    0x080174dc   0x080174dc   0x00000020   Code   RO         3140    i.setHeadlightsOn   ws2812.o
    0x080174fc   0x080174fc   0x0000000c   Code   RO         3205    i.setLedringEffect  ledring12.o
    0x08017508   0x08017508   0x0000001c   Code   RO         8682    i.setMotorPWM       power_control.o
    0x08017524   0x08017524   0x00000028   Code   RO         8622    i.setPositionPIDZ   position_pid.o
    0x0801754c   0x0801754c   0x000000d8   Code   RO         3206    i.spinEffect2       ledring12.o
    0x08017624   0x08017624   0x0000006e   Code   RO         9658    i.sqrt              m_wm.l(sqrt.o)
    0x08017692   0x08017692   0x0000003e   Code   RO         9298    i.sqrtf             m_wm.l(sqrtf.o)
    0x080176d0   0x080176d0   0x00000020   Code   RO         8947    i.stabilizerInit    stabilizer.o
    0x080176f0   0x080176f0   0x0000009c   Code   RO         8948    i.stabilizerTask    stabilizer.o
    0x0801778c   0x0801778c   0x00000014   Code   RO         8949    i.stabilizerTest    stabilizer.o
    0x080177a0   0x080177a0   0x000001c8   Code   RO            4    i.startTask         main.o
    0x08017968   0x08017968   0x000001a8   Code   RO         9018    i.stateControl      state_control.o
    0x08017b10   0x08017b10   0x0000000c   Code   RO         9019    i.stateControlInit  state_control.o
    0x08017b1c   0x08017b1c   0x0000000e   Code   RO         9020    i.stateControlTest  state_control.o
    0x08017b2a   0x08017b2a   0x00000002   PAD
    0x08017b2c   0x08017b2c   0x00000060   Code   RO         9055    i.stateEstimateVelocityZ  state_estimator.o
    0x08017b8c   0x08017b8c   0x0000005c   Code   RO         9056    i.stateEstimator    state_estimator.o
    0x08017be8   0x08017be8   0x00000018   Code   RO         9093    i.storeAssertSnapshotData  debug_assert.o
    0x08017c00   0x08017c00   0x000000a4   Code   RO         3050    i.systemInit        system.o
    0x08017ca4   0x08017ca4   0x0000002c   Code   RO         3051    i.systemTest        system.o
    0x08017cd0   0x08017cd0   0x00000028   Code   RO         2990    i.uart1GetDataWithTimout  uart1.o
    0x08017cf8   0x08017cf8   0x000000f4   Code   RO         2992    i.uart1Init         uart1.o
    0x08017dec   0x08017dec   0x000000a4   Code   RO         8225    i.uartSendPacket    radiolink.o
    0x08017e90   0x08017e90   0x00000078   Code   RO         2874    i.uartslkDmaInit    uart_syslink.o
    0x08017f08   0x08017f08   0x00000050   Code   RO         2875    i.uartslkDmaIsr     uart_syslink.o
    0x08017f58   0x08017f58   0x00000028   Code   RO         2876    i.uartslkGetDataWithTimout  uart_syslink.o
    0x08017f80   0x08017f80   0x000001b8   Code   RO         2877    i.uartslkInit       uart_syslink.o
    0x08018138   0x08018138   0x00000098   Code   RO         2878    i.uartslkIsr        uart_syslink.o
    0x080181d0   0x080181d0   0x00000054   Code   RO         2879    i.uartslkPauseDma   uart_syslink.o
    0x08018224   0x08018224   0x00000064   Code   RO         2881    i.uartslkResumeDma  uart_syslink.o
    0x08018288   0x08018288   0x000000a4   Code   RO         2883    i.uartslkSendDataDmaBlocking  uart_syslink.o
    0x0801832c   0x0801832c   0x00000024   Code   RO         2886    i.uartslkTxenFlowctrlIsr  uart_syslink.o
    0x08018350   0x08018350   0x00000048   Code   RO         8042    i.updateActive      ledseq.o
    0x08018398   0x08018398   0x00000028   Code   RO         7552    i.usbGetDataWithTimout  usbd_cdc_vcp.o
    0x080183c0   0x080183c0   0x000000b0   Code   RO         7437    i.usbd_cdc_DataIn   usbd_cdc_core.o
    0x08018470   0x08018470   0x00000038   Code   RO         7438    i.usbd_cdc_DataOut  usbd_cdc_core.o
    0x080184a8   0x080184a8   0x0000002c   Code   RO         7439    i.usbd_cdc_DeInit   usbd_cdc_core.o
    0x080184d4   0x080184d4   0x00000038   Code   RO         7440    i.usbd_cdc_EP0_RxReady  usbd_cdc_core.o
    0x0801850c   0x0801850c   0x00000058   Code   RO         7441    i.usbd_cdc_Init     usbd_cdc_core.o
    0x08018564   0x08018564   0x00000028   Code   RO         7442    i.usbd_cdc_SOF      usbd_cdc_core.o
    0x0801858c   0x0801858c   0x000000c4   Code   RO         7443    i.usbd_cdc_Setup    usbd_cdc_core.o
    0x08018650   0x08018650   0x00000038   Code   RO         7553    i.usbd_cdc_vcp_Init  usbd_cdc_vcp.o
    0x08018688   0x08018688   0x00000068   Code   RO         8306    i.usblinkInit       usblink.o
    0x080186f0   0x080186f0   0x00000144   Code   RO         8307    i.usblinkRxTask     usblink.o
    0x08018834   0x08018834   0x00000084   Code   RO         8308    i.usblinkSendPacket  usblink.o
    0x080188b8   0x080188b8   0x0000007c   Code   RO         8309    i.usblinkTxTask     usblink.o
    0x08018934   0x08018934   0x00000018   Code   RO         7554    i.usbsendData       usbd_cdc_vcp.o
    0x0801894c   0x0801894c   0x00000028   Code   RO         5785    i.uxListRemove      list.o
    0x08018974   0x08018974   0x00000012   Code   RO         5853    i.uxQueueMessagesWaiting  queue.o
    0x08018986   0x08018986   0x00000002   PAD
    0x08018988   0x08018988   0x00000024   Code   RO            5    i.vApplicationIdleHook  main.o
    0x080189ac   0x080189ac   0x00000040   Code   RO         9134    i.vApplicationMallocFailedHook  freertosdebug.o
    0x080189ec   0x080189ec   0x0000001a   Code   RO         5786    i.vListInitialise   list.o
    0x08018a06   0x08018a06   0x00000006   Code   RO         5787    i.vListInitialiseItem  list.o
    0x08018a0c   0x08018a0c   0x00000034   Code   RO         5788    i.vListInsert       list.o
    0x08018a40   0x08018a40   0x00000018   Code   RO         5789    i.vListInsertEnd    list.o
    0x08018a58   0x08018a58   0x00000024   Code   RO         6618    i.vPortEnterCritical  port.o
    0x08018a7c   0x08018a7c   0x00000020   Code   RO         6619    i.vPortExitCritical  port.o
    0x08018a9c   0x08018a9c   0x00000048   Code   RO         6696    i.vPortFree         heap_4.o
    0x08018ae4   0x08018ae4   0x00000014   Code   RO         6620    i.vPortSetupTimerInterrupt  port.o
    0x08018af8   0x08018af8   0x0000002c   Code   RO         5856    i.vQueueAddToRegistry  queue.o
    0x08018b24   0x08018b24   0x0000004a   Code   RO         5860    i.vQueueWaitForMessageRestricted  queue.o
    0x08018b6e   0x08018b6e   0x00000002   PAD
    0x08018b70   0x08018b70   0x00000034   Code   RO         6117    i.vTaskDelay        tasks.o
    0x08018ba4   0x08018ba4   0x00000074   Code   RO         6118    i.vTaskDelayUntil   tasks.o
    0x08018c18   0x08018c18   0x000000cc   Code   RO         6119    i.vTaskDelete       tasks.o
    0x08018ce4   0x08018ce4   0x0000000c   Code   RO         6123    i.vTaskMissedYield  tasks.o
    0x08018cf0   0x08018cf0   0x00000020   Code   RO         6125    i.vTaskPlaceOnEventList  tasks.o
    0x08018d10   0x08018d10   0x00000028   Code   RO         6126    i.vTaskPlaceOnEventListRestricted  tasks.o
    0x08018d38   0x08018d38   0x000000b0   Code   RO         6128    i.vTaskPriorityInherit  tasks.o
    0x08018de8   0x08018de8   0x00000018   Code   RO         6133    i.vTaskSetTimeOutState  tasks.o
    0x08018e00   0x08018e00   0x00000070   Code   RO         6134    i.vTaskStartScheduler  tasks.o
    0x08018e70   0x08018e70   0x00000010   Code   RO         6136    i.vTaskSuspendAll   tasks.o
    0x08018e80   0x08018e80   0x00000060   Code   RO         6137    i.vTaskSwitchContext  tasks.o
    0x08018ee0   0x08018ee0   0x00000054   Code   RO         3113    i.watchdogInit      watchdog.o
    0x08018f34   0x08018f34   0x00000058   Code   RO         3114    i.watchdogTest      watchdog.o
    0x08018f8c   0x08018f8c   0x00000080   Code   RO         8352    i.wifiCmdProcess    wifi_ctrl.o
    0x0801900c   0x0801900c   0x00000024   Code   RO         8353    i.wifiDataCrc       wifi_ctrl.o
    0x08019030   0x08019030   0x000000f4   Code   RO         8354    i.wifiDataHandle    wifi_ctrl.o
    0x08019124   0x08019124   0x000000c0   Code   RO         8355    i.wifiLinkTask      wifi_ctrl.o
    0x080191e4   0x080191e4   0x00000044   Code   RO         8356    i.wifiModuleInit    wifi_ctrl.o
    0x08019228   0x08019228   0x00000018   Code   RO         8357    i.wifiPowerControl  wifi_ctrl.o
    0x08019240   0x08019240   0x000000e8   Code   RO         3141    i.ws2812DmaIsr      ws2812.o
    0x08019328   0x08019328   0x0000019c   Code   RO         3142    i.ws2812Init        ws2812.o
    0x080194c4   0x080194c4   0x00000020   Code   RO         3143    i.ws2812PowerControl  ws2812.o
    0x080194e4   0x080194e4   0x00000098   Code   RO         3144    i.ws2812Send        ws2812.o
    0x0801957c   0x0801957c   0x0000000c   Code   RO         6698    i.xPortGetFreeHeapSize  heap_4.o
    0x08019588   0x08019588   0x00000048   Code   RO         6621    i.xPortStartScheduler  port.o
    0x080195d0   0x080195d0   0x00000034   Code   RO         6622    i.xPortSysTickHandler  port.o
    0x08019604   0x08019604   0x00000022   Code   RO         5863    i.xQueueCreateMutex  queue.o
    0x08019626   0x08019626   0x00000038   Code   RO         5865    i.xQueueGenericCreate  queue.o
    0x0801965e   0x0801965e   0x00000002   PAD
    0x08019660   0x08019660   0x0000015c   Code   RO         5866    i.xQueueGenericReceive  queue.o
    0x080197bc   0x080197bc   0x00000080   Code   RO         5867    i.xQueueGenericReset  queue.o
    0x0801983c   0x0801983c   0x00000138   Code   RO         5868    i.xQueueGenericSend  queue.o
    0x08019974   0x08019974   0x0000009c   Code   RO         5869    i.xQueueGenericSendFromISR  queue.o
    0x08019a10   0x08019a10   0x0000008e   Code   RO         5870    i.xQueueGiveFromISR  queue.o
    0x08019a9e   0x08019a9e   0x00000082   Code   RO         5875    i.xQueueReceiveFromISR  queue.o
    0x08019b20   0x08019b20   0x0000005c   Code   RO         6139    i.xTaskCheckForTimeOut  tasks.o
    0x08019b7c   0x08019b7c   0x00000060   Code   RO         6140    i.xTaskCreate       tasks.o
    0x08019bdc   0x08019bdc   0x00000020   Code   RO         6145    i.xTaskGetSchedulerState  tasks.o
    0x08019bfc   0x08019bfc   0x0000000c   Code   RO         6146    i.xTaskGetTickCount  tasks.o
    0x08019c08   0x08019c08   0x0000011c   Code   RO         6148    i.xTaskIncrementTick  tasks.o
    0x08019d24   0x08019d24   0x00000084   Code   RO         6151    i.xTaskPriorityDisinherit  tasks.o
    0x08019da8   0x08019da8   0x00000080   Code   RO         6152    i.xTaskRemoveFromEventList  tasks.o
    0x08019e28   0x08019e28   0x000000e8   Code   RO         6154    i.xTaskResumeAll    tasks.o
    0x08019f10   0x08019f10   0x00000030   Code   RO         6500    i.xTimerCreate      timers.o
    0x08019f40   0x08019f40   0x0000003c   Code   RO         6501    i.xTimerCreateTimerTask  timers.o
    0x08019f7c   0x08019f7c   0x0000006c   Code   RO         6502    i.xTimerGenericCommand  timers.o
    0x08019fe8   0x08019fe8   0x00000050   Data   RO         1109    .constdata          i2c_drv.o
    0x0801a038   0x0801a038   0x00000010   Data   RO         1270    .constdata          motors.o
    0x0801a048   0x0801a048   0x00000072   Data   RO         3208    .constdata          ledring12.o
    0x0801a0ba   0x0801a0ba   0x00000002   PAD
    0x0801a0bc   0x0801a0bc   0x00000080   Data   RO         8044    .constdata          ledseq.o
    0x0801a13c   0x0801a13c   0x00000005   Data   RO         8113    .constdata          console.o
    0x0801a141   0x0801a141   0x00000007   PAD
    0x0801a148   0x0801a148   0x00000088   Data   RO         9259    .constdata          m_wm.l(pow.o)
    0x0801a1d0   0x0801a1d0   0x00000140   Data   RO         9273    .constdata          m_wm.l(powf.o)
    0x0801a310   0x0801a310   0x00000008   Data   RO         9652    .constdata          m_wm.l(qnan.o)
    0x0801a318   0x0801a318   0x00000020   Data   RO         9654    .constdata          m_wm.l(rredf.o)
    0x0801a338   0x0801a338   0x00000001   Data   RO         9094    .conststrlit        debug_assert.o
    0x0801a339   0x0801a339   0x00000003   PAD
    0x0801a33c   0x0801a33c   0x00000020   Data   RO         9716    Region$$Table       anon$$obj.o


    Execution Region RW_IRAM1 (Exec base: 0x20000000, Load base: 0x0801a35c, Size: 0x0000ae68, Max: 0x00020000, ABSOLUTE, COMPRESSED[0x000001e8])

    Exec Addr    Load Addr    Size         Type   Attr      Idx    E Section Name        Object

    0x20000000   COMPRESSED   0x00000008   Data   RW            6    .data               main.o
    0x20000008   COMPRESSED   0x00000006   Data   RW          296    .data               delay.o
    0x2000000e   COMPRESSED   0x00000002   PAD
    0x20000010   COMPRESSED   0x00000006   Data   RW          364    .data               usart.o
    0x20000016   COMPRESSED   0x00000002   PAD
    0x20000018   COMPRESSED   0x00000080   Data   RW          413    .data               config_param.o
    0x20000098   COMPRESSED   0x00000020   Data   RW          671    .data               bmp280.o
    0x200000b8   COMPRESSED   0x00000009   Data   RW          729    .data               module_detect.o
    0x200000c1   COMPRESSED   0x00000005   Data   RW          785    .data               exti.o
    0x200000c6   COMPRESSED   0x00000002   PAD
    0x200000c8   COMPRESSED   0x00000064   Data   RW         1110    .data               i2c_drv.o
    0x2000012c   COMPRESSED   0x00000040   Data   RW         1219    .data               led.o
    0x2000016c   COMPRESSED   0x00000001   Data   RW         1271    .data               motors.o
    0x2000016d   COMPRESSED   0x00000003   PAD
    0x20000170   COMPRESSED   0x00000009   Data   RW         1540    .data               mpu6500.o
    0x20000179   COMPRESSED   0x00000003   PAD
    0x2000017c   COMPRESSED   0x00000004   Data   RW         2799    .data               nvic.o
    0x20000180   COMPRESSED   0x00000021   Data   RW         2888    .data               uart_syslink.o
    0x200001a1   COMPRESSED   0x00000003   PAD
    0x200001a4   COMPRESSED   0x00000008   Data   RW         2996    .data               uart1.o
    0x200001ac   COMPRESSED   0x00000010   Data   RW         3146    .data               ws2812.o
    0x200001bc   COMPRESSED   0x00000074   Data   RW         3209    .data               ledring12.o
    0x20000230   COMPRESSED   0x00000005   Data   RW         3293    .data               module_mgt.o
    0x20000235   COMPRESSED   0x00000010   Data   RW         4534    .data               stm32f4xx_rcc.o
    0x20000245   COMPRESSED   0x00000003   PAD
    0x20000248   COMPRESSED   0x0000003c   Data   RW         6157    .data               tasks.o
    0x20000284   COMPRESSED   0x00000014   Data   RW         6508    .data               timers.o
    0x20000298   COMPRESSED   0x00000004   Data   RW         6623    .data               port.o
    0x2000029c   COMPRESSED   0x00000018   Data   RW         6701    .data               heap_4.o
    0x200002b4   COMPRESSED   0x00000034   Data   RW         7186    .data               usbd_core.o
    0x200002e8   COMPRESSED   0x0000000d   Data   RW         7351    .data               usbd_req.o
    0x200002f5   COMPRESSED   0x00000003   PAD
    0x200002f8   COMPRESSED   0x00000098   Data   RW         7445    .data               usbd_cdc_core.o
    0x20000390   COMPRESSED   0x00000024   Data   RW         7556    .data               usbd_cdc_vcp.o
    0x200003b4   COMPRESSED   0x00000056   Data   RW         7630    .data               usbd_desc.o
    0x2000040a   COMPRESSED   0x00000002   PAD
    0x2000040c   COMPRESSED   0x00000020   Data   RW         7703    .data               usbd_usr.o
    0x2000042c   COMPRESSED   0x00000012   Data   RW         7790    .data               atkp.o
    0x2000043e   COMPRESSED   0x00000001   Data   RW         7899    .data               comm.o
    0x2000043f   COMPRESSED   0x00000001   PAD
    0x20000440   COMPRESSED   0x00000016   Data   RW         7942    .data               commander.o
    0x20000456   COMPRESSED   0x00000002   PAD
    0x20000458   COMPRESSED   0x00000020   Data   RW         8045    .data               ledseq.o
    0x20000478   COMPRESSED   0x00000005   Data   RW         8114    .data               console.o
    0x2000047d   COMPRESSED   0x00000003   PAD
    0x20000480   COMPRESSED   0x00000018   Data   RW         8164    .data               pm.o
    0x20000498   COMPRESSED   0x00000008   Data   RW         8227    .data               radiolink.o
    0x200004a0   COMPRESSED   0x00000006   Data   RW         8279    .data               remoter_ctrl.o
    0x200004a6   COMPRESSED   0x00000002   PAD
    0x200004a8   COMPRESSED   0x00000008   Data   RW         8311    .data               usblink.o
    0x200004b0   COMPRESSED   0x0000000a   Data   RW         8359    .data               wifi_ctrl.o
    0x200004ba   COMPRESSED   0x00000007   Data   RW         8405    .data               anomal_detec.o
    0x200004c1   COMPRESSED   0x00000003   PAD
    0x200004c4   COMPRESSED   0x00000028   Data   RW         8496    .data               flip.o
    0x200004ec   COMPRESSED   0x0000000c   Data   RW         8624    .data               position_pid.o
    0x200004f8   COMPRESSED   0x00000001   Data   RW         8684    .data               power_control.o
    0x200004f9   COMPRESSED   0x00000003   PAD
    0x200004fc   COMPRESSED   0x00000040   Data   RW         8732    .data               sensfusion6.o
    0x2000053c   COMPRESSED   0x00000048   Data   RW         8788    .data               sensors.o
    0x20000584   COMPRESSED   0x00000002   Data   RW         8951    .data               stabilizer.o
    0x20000586   COMPRESSED   0x00000002   PAD
    0x20000588   COMPRESSED   0x00000006   Data   RW         9022    .data               state_control.o
    0x2000058e   COMPRESSED   0x00000002   PAD
    0x20000590   COMPRESSED   0x00000020   Data   RW         9057    .data               state_estimator.o
    0x200005b0   COMPRESSED   0x00000004   Data   RW         9695    .data               mc_w.l(errno.o)
    0x200005b4   COMPRESSED   0x0000000c   Data   RW         9095    .nzds               debug_assert.o
    0x200005c0        -       0x00000074   Zero   RW          412    .bss                config_param.o
    0x20000634        -       0x00000030   Zero   RW          670    .bss                bmp280.o
    0x20000664        -       0x00000014   Zero   RW          728    .bss                module_detect.o
    0x20000678        -       0x00000010   Zero   RW         1269    .bss                motors.o
    0x20000688        -       0x0000001e   Zero   RW         1538    .bss                mpu6500.o
    0x200006a6   COMPRESSED   0x00000002   PAD
    0x200006a8        -       0x0000007c   Zero   RW         2887    .bss                uart_syslink.o
    0x20000724        -       0x00000060   Zero   RW         3145    .bss                ws2812.o
    0x20000784        -       0x00000100   Zero   RW         3207    .bss                ledring12.o
    0x20000884        -       0x00000050   Zero   RW         5880    .bss                queue.o
    0x200008d4        -       0x0000012c   Zero   RW         6156    .bss                tasks.o
    0x20000a00        -       0x00000028   Zero   RW         6507    .bss                timers.o
    0x20000a28        -       0x00007800   Zero   RW         6700    .bss                heap_4.o
    0x20008228        -       0x00000283   Zero   RW         7444    .bss                usbd_cdc_core.o
    0x200084ab   COMPRESSED   0x00000001   PAD
    0x200084ac        -       0x000006bc   Zero   RW         7555    .bss                usbd_cdc_vcp.o
    0x20008b68        -       0x000000ff   Zero   RW         7629    .bss                usbd_desc.o
    0x20008c67   COMPRESSED   0x00000001   PAD
    0x20008c68        -       0x00000068   Zero   RW         7941    .bss                commander.o
    0x20008cd0        -       0x000000a0   Zero   RW         8043    .bss                ledseq.o
    0x20008d70        -       0x00000020   Zero   RW         8112    .bss                console.o
    0x20008d90        -       0x00000040   Zero   RW         8226    .bss                radiolink.o
    0x20008dd0        -       0x00000016   Zero   RW         8278    .bss                remoter_ctrl.o
    0x20008de6        -       0x00000020   Zero   RW         8310    .bss                usblink.o
    0x20008e06        -       0x00000016   Zero   RW         8358    .bss                wifi_ctrl.o
    0x20008e1c        -       0x00000150   Zero   RW         8443    .bss                attitude_pid.o
    0x20008f6c        -       0x000000c4   Zero   RW         8623    .bss                position_pid.o
    0x20009030        -       0x00000020   Zero   RW         8683    .bss                power_control.o
    0x20009050        -       0x00001925   Zero   RW         8787    .bss                sensors.o
    0x2000a975   COMPRESSED   0x00000003   PAD
    0x2000a978        -       0x000000cc   Zero   RW         8950    .bss                stabilizer.o
    0x2000aa44        -       0x00000020   Zero   RW         9021    .bss                state_control.o
    0x2000aa64   COMPRESSED   0x00000004   PAD
    0x2000aa68        -       0x00000400   Zero   RW         3326    STACK               startup_stm32f411xe.o


==============================================================================

Image component sizes


      Code (inc. data)   RO Data    RW Data    ZI Data      Debug   Object Name

         0          0          0          0          0       1773   ak8963.o
       532         30          0          7          0       2754   anomal_detec.o
      5296        222          0         18          0      16164   atkp.o
       984        160          0          0        336       4920   attitude_pid.o
       852         90          0         32         48       5361   bmp280.o
        52          8          0          1          0       1178   comm.o
      1560        154          0         22        104       9135   commander.o
       522        120          0        128        116       5309   config_param.o
       360         48          5          5         32       3172   console.o
       244        100          1         12          0       5008   debug_assert.o
       164         14          0          6          0       1960   delay.o
       498          8          0          5          0      10586   exti.o
       374         14          0          0          0       7233   filter.o
      1308        146          0         40          0       2844   flip.o
        64         20          0          0          0        639   freertosdebug.o
       532         70          0         24      30720       4382   heap_4.o
      1818         44         80        100          0      13957   i2c_drv.o
       470          0          0          0          0       6515   i2cdev.o
       378         26          0         64          0       3549   led.o
      3124        176        114        116        256      12177   ledring12.o
       812        112        128         32        160       6564   ledseq.o
       148          0          0          0          0       4590   list.o
       548        220          0          8          0     321838   main.o
       200         32          0          0          0       2535   misc.o
       526         44          0          9         20       2867   module_detect.o
       182         38          0          5          0       2382   module_mgt.o
       670         58         16          1         16       3409   motors.o
      1020        242          0          9         30      17629   mpu6500.o
       810        296          0          4          0       6285   nvic.o
       334         20          0          0          0       2607   pid.o
       544         92          0         24          0       5451   pm.o
       460         58          0          4          0       9456   port.o
      1152        136          0         12        196       6125   position_pid.o
       466         24          0          1         32       4019   power_control.o
      1966         22          0          0         80      24853   queue.o
      1020        408          0          8         64       5321   radiolink.o
       356         24          0          6         22       2142   remoter_ctrl.o
      1412        100          0         64          0       2718   sensfusion6.o
      2932        350          0         72       6437      20387   sensors.o
       324         54          0          2        204       6002   stabilizer.o
        36          8        408          0       1024        816   startup_stm32f411xe.o
       450         44          0          6         32       2781   state_control.o
       444         32          0         32          0       3240   state_estimator.o
       392         24          0          0          0       5343   stm32f4xx_adc.o
       830         72          0          0          0       9240   stm32f4xx_dma.o
       196         22          0          0          0       2509   stm32f4xx_exti.o
       426         40          0          0          0       4336   stm32f4xx_flash.o
       258          0          0          0          0       3917   stm32f4xx_gpio.o
       516         28          0          0          0       6944   stm32f4xx_i2c.o
        68         30          0          0          0       2470   stm32f4xx_iwdg.o
       508         64          0         16          0       7354   stm32f4xx_rcc.o
        64          4          0          0          0        636   stm32f4xx_syscfg.o
      1120        112          0          0          0       9159   stm32f4xx_tim.o
       448          8          0          0          0       5820   stm32f4xx_usart.o
       350         50          0          0          0       3055   stmflash.o
       208         28          0          0          0       1101   system.o
       336         32          0          0          0       1465   system_stm32f4xx.o
      2688        400          0         60        300      29653   tasks.o
      1092        114          0         20         40      10730   timers.o
       336         34          0          8          0       2685   uart1.o
      1240        228          0         33        124      34515   uart_syslink.o
        16          0          0          6          0       2424   usart.o
       184          6          0          0          0       2739   usb_bsp.o
      3430         18          0          0          0      40804   usb_core.o
       666          0          0          0          0       6056   usb_dcd.o
      2240         98          0          0          0       9867   usb_dcd_int.o
       892        110          0        152        643       9250   usbd_cdc_core.o
       416         52          0         36       1724       7659   usbd_cdc_vcp.o
       784          6          0         52          0      11140   usbd_core.o
       434        170          0         86        255       7067   usbd_desc.o
       224          0          0          0          0       4596   usbd_ioreq.o
      1756         56          0         13          0      10794   usbd_req.o
        98         28          0         32          0       4639   usbd_usr.o
       684        190          0          8         32       3666   usblink.o
       172         66          0          0          0       1138   watchdog.o
       692         66          0         10         22       4399   wifi_ctrl.o
       964        106          0         16         96       4672   ws2812.o

    ----------------------------------------------------------------------
     60752       6126        796       1468      43176     854475   Object Totals
         0          0         32          0          0          0   (incl. Generated)
        80          0         12         41         11          0   (incl. Padding)

    ----------------------------------------------------------------------

      Code (inc. data)   RO Data    RW Data    ZI Data      Debug   Library Member Name

       300         42          0          0          0        176   asinf.o
       592         90          0          0          0        184   atan2f.o
       336         56          0          0          0        136   cosf.o
       164         44          0          0          0        620   dunder.o
        44          0          0          0          0        248   fabs.o
        48          0          0          0          0        124   fpclassify.o
        38          0          0          0          0        116   fpclassifyf.o
        80         24          0          0          0        696   funder.o
       248          0          0          0          0        152   poly.o
      3152        296        136          0          0        352   pow.o
      1636        110        320          0          0        372   powf.o
         0          0          8          0          0          0   qnan.o
       340         24         32          0          0        160   rredf.o
       400         56          0          0          0        212   sinf.o
       110          0          0          0          0        148   sqrt.o
       120          0          0          0          0        272   sqrtf.o
       380         58          0          0          0        200   tanf.o
        86          0          0          0          0          0   __dczerorl2.o
         0          0          0          0          0          0   entry.o
         0          0          0          0          0          0   entry10a.o
         0          0          0          0          0          0   entry11a.o
         8          4          0          0          0          0   entry2.o
         4          0          0          0          0          0   entry5.o
         0          0          0          0          0          0   entry7b.o
         0          0          0          0          0          0   entry8b.o
         8          4          0          0          0          0   entry9a.o
        12          6          0          4          0         68   errno.o
        30          0          0          0          0          0   handlers.o
        36          8          0          0          0         68   init.o
         0          0          0          0          0          0   iusefp.o
        98          0          0          0          0         84   ldiv.o
        30          0          0          0          0         68   llshl.o
        36          0          0          0          0         68   llsshr.o
        32          0          0          0          0         68   llushr.o
        36          0          0          0          0         68   memcpya.o
        36          0          0          0          0        108   memseta.o
      2258         90          0          0          0        452   printfa.o
        44          0          0          0          0         80   uidiv.o
        98          0          0          0          0         92   uldiv.o
        48          0          0          0          0         68   cdcmple.o
        48          0          0          0          0         68   cdrcmple.o
        56          0          0          0          0         88   d2f.o
       334          0          0          0          0        148   dadd.o
       222          0          0          0          0        100   ddiv.o
       186          0          0          0          0        176   depilogue.o
        50          0          0          0          0         76   dfixui.o
        48          0          0          0          0         68   dfixul.o
        34          0          0          0          0         76   dflti.o
        26          0          0          0          0         76   dfltui.o
       228          0          0          0          0         96   dmul.o
        46          0          0          0          0         80   dscalb.o
       162          0          0          0          0        100   dsqrt.o
        38          0          0          0          0         68   f2d.o
       110          0          0          0          0        168   fepilogue.o
        44          0          0          0          0         92   ffltl.o
         4          0          0          0          0         68   fpstat.o

    ----------------------------------------------------------------------
     12544        912        496          4          0       7008   Library Totals
        20          0          0          0          0          0   (incl. Padding)

    ----------------------------------------------------------------------

      Code (inc. data)   RO Data    RW Data    ZI Data      Debug   Library Name

      7988        800        496          0          0       4168   m_wm.l
      2852        112          0          4          0       1224   mc_w.l
      1684          0          0          0          0       1616   mf_w.l

    ----------------------------------------------------------------------
     12544        912        496          4          0       7008   Library Totals

    ----------------------------------------------------------------------

==============================================================================


      Code (inc. data)   RO Data    RW Data    ZI Data      Debug   

     73296       7038       1292       1472      43176     798059   Grand Totals
     73296       7038       1292        488      43176     798059   ELF Image Totals (compressed)
     73296       7038       1292        488          0          0   ROM Totals

==============================================================================

    Total RO  Size (Code + RO Data)                74588 (  72.84kB)
    Total RW  Size (RW Data + ZI Data)             44648 (  43.60kB)
    Total ROM Size (Code + RO Data + RW Data)      75076 (  73.32kB)

==============================================================================

